Archive member included to satisfy reference by file (symbol)

C:/ST/STM32CubeIDE_1.18.0/STM32CubeIDE/plugins/com.st.stm32cube.ide.mcu.externaltools.gnu-tools-for-stm32.13.3.rel1.win32_1.0.0.202411081344/tools/bin/../lib/gcc/arm-none-eabi/13.3.1/../../../../arm-none-eabi/lib/thumb/v6-m/nofp\libc_nano.a(libc_a-exit.o)
                              C:/ST/STM32CubeIDE_1.18.0/STM32CubeIDE/plugins/com.st.stm32cube.ide.mcu.externaltools.gnu-tools-for-stm32.13.3.rel1.win32_1.0.0.202411081344/tools/bin/../lib/gcc/arm-none-eabi/13.3.1/../../../../arm-none-eabi/lib/thumb/v6-m/nofp/crt0.o (exit)
C:/ST/STM32CubeIDE_1.18.0/STM32CubeIDE/plugins/com.st.stm32cube.ide.mcu.externaltools.gnu-tools-for-stm32.13.3.rel1.win32_1.0.0.202411081344/tools/bin/../lib/gcc/arm-none-eabi/13.3.1/../../../../arm-none-eabi/lib/thumb/v6-m/nofp\libc_nano.a(libc_a-findfp.o)
                              C:/ST/STM32CubeIDE_1.18.0/STM32CubeIDE/plugins/com.st.stm32cube.ide.mcu.externaltools.gnu-tools-for-stm32.13.3.rel1.win32_1.0.0.202411081344/tools/bin/../lib/gcc/arm-none-eabi/13.3.1/../../../../arm-none-eabi/lib/thumb/v6-m/nofp\libc_nano.a(libc_a-exit.o) (__stdio_exit_handler)
C:/ST/STM32CubeIDE_1.18.0/STM32CubeIDE/plugins/com.st.stm32cube.ide.mcu.externaltools.gnu-tools-for-stm32.13.3.rel1.win32_1.0.0.202411081344/tools/bin/../lib/gcc/arm-none-eabi/13.3.1/../../../../arm-none-eabi/lib/thumb/v6-m/nofp\libc_nano.a(libc_a-fwalk.o)
                              C:/ST/STM32CubeIDE_1.18.0/STM32CubeIDE/plugins/com.st.stm32cube.ide.mcu.externaltools.gnu-tools-for-stm32.13.3.rel1.win32_1.0.0.202411081344/tools/bin/../lib/gcc/arm-none-eabi/13.3.1/../../../../arm-none-eabi/lib/thumb/v6-m/nofp\libc_nano.a(libc_a-findfp.o) (_fwalk_sglue)
C:/ST/STM32CubeIDE_1.18.0/STM32CubeIDE/plugins/com.st.stm32cube.ide.mcu.externaltools.gnu-tools-for-stm32.13.3.rel1.win32_1.0.0.202411081344/tools/bin/../lib/gcc/arm-none-eabi/13.3.1/../../../../arm-none-eabi/lib/thumb/v6-m/nofp\libc_nano.a(libc_a-stdio.o)
                              C:/ST/STM32CubeIDE_1.18.0/STM32CubeIDE/plugins/com.st.stm32cube.ide.mcu.externaltools.gnu-tools-for-stm32.13.3.rel1.win32_1.0.0.202411081344/tools/bin/../lib/gcc/arm-none-eabi/13.3.1/../../../../arm-none-eabi/lib/thumb/v6-m/nofp\libc_nano.a(libc_a-findfp.o) (__sread)
C:/ST/STM32CubeIDE_1.18.0/STM32CubeIDE/plugins/com.st.stm32cube.ide.mcu.externaltools.gnu-tools-for-stm32.13.3.rel1.win32_1.0.0.202411081344/tools/bin/../lib/gcc/arm-none-eabi/13.3.1/../../../../arm-none-eabi/lib/thumb/v6-m/nofp\libc_nano.a(libc_a-memset.o)
                              C:/ST/STM32CubeIDE_1.18.0/STM32CubeIDE/plugins/com.st.stm32cube.ide.mcu.externaltools.gnu-tools-for-stm32.13.3.rel1.win32_1.0.0.202411081344/tools/bin/../lib/gcc/arm-none-eabi/13.3.1/../../../../arm-none-eabi/lib/thumb/v6-m/nofp/crt0.o (memset)
C:/ST/STM32CubeIDE_1.18.0/STM32CubeIDE/plugins/com.st.stm32cube.ide.mcu.externaltools.gnu-tools-for-stm32.13.3.rel1.win32_1.0.0.202411081344/tools/bin/../lib/gcc/arm-none-eabi/13.3.1/../../../../arm-none-eabi/lib/thumb/v6-m/nofp\libc_nano.a(libc_a-closer.o)
                              C:/ST/STM32CubeIDE_1.18.0/STM32CubeIDE/plugins/com.st.stm32cube.ide.mcu.externaltools.gnu-tools-for-stm32.13.3.rel1.win32_1.0.0.202411081344/tools/bin/../lib/gcc/arm-none-eabi/13.3.1/../../../../arm-none-eabi/lib/thumb/v6-m/nofp\libc_nano.a(libc_a-stdio.o) (_close_r)
C:/ST/STM32CubeIDE_1.18.0/STM32CubeIDE/plugins/com.st.stm32cube.ide.mcu.externaltools.gnu-tools-for-stm32.13.3.rel1.win32_1.0.0.202411081344/tools/bin/../lib/gcc/arm-none-eabi/13.3.1/../../../../arm-none-eabi/lib/thumb/v6-m/nofp\libc_nano.a(libc_a-reent.o)
                              C:/ST/STM32CubeIDE_1.18.0/STM32CubeIDE/plugins/com.st.stm32cube.ide.mcu.externaltools.gnu-tools-for-stm32.13.3.rel1.win32_1.0.0.202411081344/tools/bin/../lib/gcc/arm-none-eabi/13.3.1/../../../../arm-none-eabi/lib/thumb/v6-m/nofp\libc_nano.a(libc_a-closer.o) (errno)
C:/ST/STM32CubeIDE_1.18.0/STM32CubeIDE/plugins/com.st.stm32cube.ide.mcu.externaltools.gnu-tools-for-stm32.13.3.rel1.win32_1.0.0.202411081344/tools/bin/../lib/gcc/arm-none-eabi/13.3.1/../../../../arm-none-eabi/lib/thumb/v6-m/nofp\libc_nano.a(libc_a-impure.o)
                              C:/ST/STM32CubeIDE_1.18.0/STM32CubeIDE/plugins/com.st.stm32cube.ide.mcu.externaltools.gnu-tools-for-stm32.13.3.rel1.win32_1.0.0.202411081344/tools/bin/../lib/gcc/arm-none-eabi/13.3.1/../../../../arm-none-eabi/lib/thumb/v6-m/nofp\libc_nano.a(libc_a-reent.o) (_impure_ptr)
C:/ST/STM32CubeIDE_1.18.0/STM32CubeIDE/plugins/com.st.stm32cube.ide.mcu.externaltools.gnu-tools-for-stm32.13.3.rel1.win32_1.0.0.202411081344/tools/bin/../lib/gcc/arm-none-eabi/13.3.1/../../../../arm-none-eabi/lib/thumb/v6-m/nofp\libc_nano.a(libc_a-lseekr.o)
[...]
Memory Configuration

Name             Origin             Length             Attributes
RAM              0x20000000         0x00010000         xrw
FLASH            0x10040000         0x0007f000         xr
REGION_NVM       0x100bf000         0x00001000         xr
REGION_ROM       0x10000000         0x00001800         xr
*default*        0x00000000         0xffffffff

Linker script and memory map

LOAD C:/ST/STM32CubeIDE_1.18.0/STM32CubeIDE/plugins/com.st.stm32cube.ide.mcu.externaltools.gnu-tools-for-stm32.13.3.rel1.win32_1.0.0.202411081344/tools/bin/../lib/gcc/arm-none-eabi/13.3.1/thumb/v6-m/nofp/crti.o
LOAD C:/ST/STM32CubeIDE_1.18.0/STM32CubeIDE/plugins/com.st.stm32cube.ide.mcu.externaltools.gnu-tools-for-stm32.13.3.rel1.win32_1.0.0.202411081344/tools/bin/../lib/gcc/arm-none-eabi/13.3.1/thumb/v6-m/nofp/crtbegin.o
LOAD C:/ST/STM32CubeIDE_1.18.0/STM32CubeIDE/plugins/com.st.stm32cube.ide.mcu.externaltools.gnu-tools-for-stm32.13.3.rel1.win32_1.0.0.202411081344/tools/bin/../lib/gcc/arm-none-eabi/13.3.1/../../../../arm-none-eabi/lib/thumb/v6-m/nofp/crt0.o
LOAD ./Core/Src/BQ27427.o
LOAD ./Core/Src/main.o
LOAD ./Core/Src/stm32wb0x_hal_msp.o
LOAD ./Core/Src/stm32wb0x_it.o
LOAD ./Core/Src/syscalls.o
LOAD ./Core/Src/sysmem.o
LOAD ./Core/Src/system_stm32wb0x.o
LOAD ./Core/Startup/startup_stm32wb09kevx.o
LOAD ./Drivers/STM32WB0x_HAL_Driver/Src/stm32wb0x_hal.o
LOAD ./Drivers/STM32WB0x_HAL_Driver/Src/stm32wb0x_hal_cortex.o
LOAD ./Drivers/STM32WB0x_HAL_Driver/Src/stm32wb0x_hal_dma.o
LOAD ./Drivers/STM32WB0x_HAL_Driver/Src/stm32wb0x_hal_flash.o
LOAD ./Drivers/STM32WB0x_HAL_Driver/Src/stm32wb0x_hal_flash_ex.o
LOAD ./Drivers/STM32WB0x_HAL_Driver/Src/stm32wb0x_hal_gpio.o
LOAD ./Drivers/STM32WB0x_HAL_Driver/Src/stm32wb0x_hal_i2c.o
LOAD ./Drivers/STM32WB0x_HAL_Driver/Src/stm32wb0x_hal_i2c_ex.o
LOAD ./Drivers/STM32WB0x_HAL_Driver/Src/stm32wb0x_hal_pwr.o
LOAD ./Drivers/STM32WB0x_HAL_Driver/Src/stm32wb0x_hal_pwr_ex.o
LOAD ./Drivers/STM32WB0x_HAL_Driver/Src/stm32wb0x_hal_rcc.o
LOAD ./Drivers/STM32WB0x_HAL_Driver/Src/stm32wb0x_hal_rcc_ex.o
START GROUP
LOAD C:/ST/STM32CubeIDE_1.18.0/STM32CubeIDE/plugins/com.st.stm32cube.ide.mcu.externaltools.gnu-tools-for-stm32.13.3.rel1.win32_1.0.0.202411081344/tools/bin/../lib/gcc/arm-none-eabi/13.3.1/../../../../arm-none-eabi/lib/thumb/v6-m/nofp\libc_nano.a
LOAD C:/ST/STM32CubeIDE_1.18.0/STM32CubeIDE/plugins/com.st.stm32cube.ide.mcu.externaltools.gnu-tools-for-stm32.13.3.rel1.win32_1.0.0.202411081344/tools/bin/../lib/gcc/arm-none-eabi/13.3.1/../../../../arm-none-eabi/lib/thumb/v6-m/nofp\libm.a
END GROUP
START GROUP
LOAD C:/ST/STM32CubeIDE_1.18.0/STM32CubeIDE/plugins/com.st.stm32cube.ide.mcu.externaltools.gnu-tools-for-stm32.13.3.rel1.win32_1.0.0.202411081344/tools/bin/../lib/gcc/arm-none-eabi/13.3.1/thumb/v6-m/nofp\libgcc.a
LOAD C:/ST/STM32CubeIDE_1.18.0/STM32CubeIDE/plugins/com.st.stm32cube.ide.mcu.externaltools.gnu-tools-for-stm32.13.3.rel1.win32_1.0.0.202411081344/tools/bin/../lib/gcc/arm-none-eabi/13.3.1/../../../../arm-none-eabi/lib/thumb/v6-m/nofp\libc_nano.a
END GROUP
START GROUP
LOAD C:/ST/STM32CubeIDE_1.18.0/STM32CubeIDE/plugins/com.st.stm32cube.ide.mcu.externaltools.gnu-tools-for-stm32.13.3.rel1.win32_1.0.0.202411081344/tools/bin/../lib/gcc/arm-none-eabi/13.3.1/thumb/v6-m/nofp\libgcc.a
LOAD C:/ST/STM32CubeIDE_1.18.0/STM32CubeIDE/plugins/com.st.stm32cube.ide.mcu.externaltools.gnu-tools-for-stm32.13.3.rel1.win32_1.0.0.202411081344/tools/bin/../lib/gcc/arm-none-eabi/13.3.1/../../../../arm-none-eabi/lib/thumb/v6-m/nofp\libc_nano.a
LOAD C:/ST/STM32CubeIDE_1.18.0/STM32CubeIDE/plugins/com.st.stm32cube.ide.mcu.externaltools.gnu-tools-for-stm32.13.3.rel1.win32_1.0.0.202411081344/tools/bin/../lib/gcc/arm-none-eabi/13.3.1/../../../../arm-none-eabi/lib/thumb/v6-m/nofp\libnosys.a
END GROUP
START GROUP
LOAD C:/ST/STM32CubeIDE_1.18.0/STM32CubeIDE/plugins/com.st.stm32cube.ide.mcu.externaltools.gnu-tools-for-stm32.13.3.rel1.win32_1.0.0.202411081344/tools/bin/../lib/gcc/arm-none-eabi/13.3.1/thumb/v6-m/nofp\libgcc.a
LOAD C:/ST/STM32CubeIDE_1.18.0/STM32CubeIDE/plugins/com.st.stm32cube.ide.mcu.externaltools.gnu-tools-for-stm32.13.3.rel1.win32_1.0.0.202411081344/tools/bin/../lib/gcc/arm-none-eabi/13.3.1/../../../../arm-none-eabi/lib/thumb/v6-m/nofp\libc_nano.a
LOAD C:/ST/STM32CubeIDE_1.18.0/STM32CubeIDE/plugins/com.st.stm32cube.ide.mcu.externaltools.gnu-tools-for-stm32.13.3.rel1.win32_1.0.0.202411081344/tools/bin/../lib/gcc/arm-none-eabi/13.3.1/../../../../arm-none-eabi/lib/thumb/v6-m/nofp\libnosys.a
END GROUP
LOAD C:/ST/STM32CubeIDE_1.18.0/STM32CubeIDE/plugins/com.st.stm32cube.ide.mcu.externaltools.gnu-tools-for-stm32.13.3.rel1.win32_1.0.0.202411081344/tools/bin/../lib/gcc/arm-none-eabi/13.3.1/thumb/v6-m/nofp/crtend.o
LOAD C:/ST/STM32CubeIDE_1.18.0/STM32CubeIDE/plugins/com.st.stm32cube.ide.mcu.externaltools.gnu-tools-for-stm32.13.3.rel1.win32_1.0.0.202411081344/tools/bin/../lib/gcc/arm-none-eabi/13.3.1/thumb/v6-m/nofp/crtn.o
                0x20000000                        _MEMORY_RAM_BEGIN_ = 0x20000000
                0x00010000                        _MEMORY_RAM_SIZE_ = 0x10000
                0x2000ffff                        _MEMORY_RAM_END_ = 0x2000ffff
                0x10040000                        _MEMORY_FLASH_BEGIN_ = 0x10040000
                0x00080000                        _MEMORY_FLASH_SIZE_ = 0x80000
                0x100bffff                        _MEMORY_FLASH_END_ = 0x100bffff
                0x10000000                        _MEMORY_ROM_BEGIN_ = 0x10000000
                0x00001800                        _MEMORY_ROM_SIZE_ = 0x1800
                0x100017ff                        _MEMORY_ROM_END_ = 0x100017ff
                0x00001000                        FLASH_NVM_DATASIZE = 0x1000
                0x00000000                        MEMORY_FLASH_APP_OFFSET = DEFINED (MEMORY_FLASH_APP_OFFSET)?MEMORY_FLASH_APP_OFFSET:0x0
                0x0007f000                        MEMORY_FLASH_APP_SIZE = DEFINED (MEMORY_FLASH_APP_SIZE)?MEMORY_FLASH_APP_SIZE:((_MEMORY_FLASH_SIZE_ - FLASH_NVM_DATASIZE) - MEMORY_FLASH_APP_OFFSET)
                0x00000000                        _Min_Heap_Size = 0x0
                0x00000c00                        _Min_Stack_Size = 0xc00

.intvec         0x10040000       0xc0
                0x10040000                        . = ALIGN (0x4)
 *(.intvec)
 .intvec        0x10040000       0xc0 ./Core/Startup/startup_stm32wb09kevx.o
                0x10040000                __vector_table
                0x100400c0                        . = ALIGN (0x4)

.text           0x100400c0     0x43b4
                0x100400c0                        . = ALIGN (0x4)
 *(TAG_OTA_START)
 *(.cmd_call_table)
 *(.text)
 .text          0x100400c0      0x114 C:/ST/STM32CubeIDE_1.18.0/STM32CubeIDE/plugins/com.st.stm32cube.ide.mcu.externaltools.gnu-tools-for-stm32.13.3.rel1.win32_1.0.0.202411081344/tools/bin/../lib/gcc/arm-none-eabi/13.3.1/thumb/v6-m/nofp\libgcc.a(_udivsi3.o)
                0x100400c0                __aeabi_uidiv
                0x100400c0                __udivsi3
                0x100401cc                __aeabi_uidivmod
 .text          0x100401d4        0x4 C:/ST/STM32CubeIDE_1.18.0/STM32CubeIDE/plugins/com.st.stm32cube.ide.mcu.externaltools.gnu-tools-for-stm32.13.3.rel1.win32_1.0.0.202411081344/tools/bin/../lib/gcc/arm-none-eabi/13.3.1/thumb/v6-m/nofp\libgcc.a(_dvmd_tls.o)
                0x100401d4                __aeabi_idiv0
                0x100401d4                __aeabi_ldiv0
 .text          0x100401d8       0x3c C:/ST/STM32CubeIDE_1.18.0/STM32CubeIDE/plugins/com.st.stm32cube.ide.mcu.externaltools.gnu-tools-for-stm32.13.3.rel1.win32_1.0.0.202411081344/tools/bin/../lib/gcc/arm-none-eabi/13.3.1/thumb/v6-m/nofp\libgcc.a(_fixunsdfsi.o)
                0x100401d8                __aeabi_d2uiz
                0x100401d8                __fixunsdfsi
 .text          0x10040214      0x630 C:/ST/STM32CubeIDE_1.18.0/STM32CubeIDE/plugins/com.st.stm32cube.ide.mcu.externaltools.gnu-tools-for-stm32.13.3.rel1.win32_1.0.0.202411081344/tools/bin/../lib/gcc/arm-none-eabi/13.3.1/thumb/v6-m/nofp\libgcc.a(divdf3.o)
                0x10040214                __aeabi_ddiv
 .text          0x10040844      0x814 C:/ST/STM32CubeIDE_1.18.0/STM32CubeIDE/plugins/com.st.stm32cube.ide.mcu.externaltools.gnu-tools-for-stm32.13.3.rel1.win32_1.0.0.202411081344/tools/bin/../lib/gcc/arm-none-eabi/13.3.1/thumb/v6-m/nofp\libgcc.a(subdf3.o)
                0x10040844                __aeabi_dsub
 .text          0x10041058       0x78 C:/ST/STM32CubeIDE_1.18.0/STM32CubeIDE/plugins/com.st.stm32cube.ide.mcu.externaltools.gnu-tools-for-stm32.13.3.rel1.win32_1.0.0.202411081344/tools/bin/../lib/gcc/arm-none-eabi/13.3.1/thumb/v6-m/nofp\libgcc.a(fixdfsi.o)
                0x10041058                __aeabi_d2iz
 .text          0x100410d0       0x5c C:/ST/STM32CubeIDE_1.18.0/STM32CubeIDE/plugins/com.st.stm32cube.ide.mcu.externaltools.gnu-tools-for-stm32.13.3.rel1.win32_1.0.0.202411081344/tools/bin/../lib/gcc/arm-none-eabi/13.3.1/thumb/v6-m/nofp\libgcc.a(floatsidf.o)
                0x100410d0                __aeabi_i2d
 .text          0x1004112c       0x7c C:/ST/STM32CubeIDE_1.18.0/STM32CubeIDE/plugins/com.st.stm32cube.ide.mcu.externaltools.gnu-tools-for-stm32.13.3.rel1.win32_1.0.0.202411081344/tools/bin/../lib/gcc/arm-none-eabi/13.3.1/thumb/v6-m/nofp\libgcc.a(_arm_cmpdf2.o)
                0x1004112c                __aeabi_cdrcmple
                0x1004113c                __aeabi_cdcmple
                0x1004113c                __aeabi_cdcmpeq
                0x1004114c                __aeabi_dcmpeq
                0x10041158                __aeabi_dcmplt
                0x1004116c                __aeabi_dcmple
                0x10041180                __aeabi_dcmpgt
                0x10041194                __aeabi_dcmpge
 .text          0x100411a8       0x3c C:/ST/STM32CubeIDE_1.18.0/STM32CubeIDE/plugins/com.st.stm32cube.ide.mcu.externaltools.gnu-tools-for-stm32.13.3.rel1.win32_1.0.0.202411081344/tools/bin/../lib/gcc/arm-none-eabi/13.3.1/thumb/v6-m/nofp\libgcc.a(_clzsi2.o)
                0x100411a8                __clzsi2
 .text          0x100411e4       0x88 C:/ST/STM32CubeIDE_1.18.0/STM32CubeIDE/plugins/com.st.stm32cube.ide.mcu.externaltools.gnu-tools-for-stm32.13.3.rel1.win32_1.0.0.202411081344/tools/bin/../lib/gcc/arm-none-eabi/13.3.1/thumb/v6-m/nofp\libgcc.a(eqdf2.o)
                0x100411e4                __nedf2
                0x100411e4                __eqdf2
 .text          0x1004126c       0xe0 C:/ST/STM32CubeIDE_1.18.0/STM32CubeIDE/plugins/com.st.stm32cube.ide.mcu.externaltools.gnu-tools-for-stm32.13.3.rel1.win32_1.0.0.202411081344/tools/bin/../lib/gcc/arm-none-eabi/13.3.1/thumb/v6-m/nofp\libgcc.a(gedf2.o)
                0x1004126c                __gedf2
                0x1004126c                __gtdf2
 .text          0x1004134c       0xdc C:/ST/STM32CubeIDE_1.18.0/STM32CubeIDE/plugins/com.st.stm32cube.ide.mcu.externaltools.gnu-tools-for-stm32.13.3.rel1.win32_1.0.0.202411081344/tools/bin/../lib/gcc/arm-none-eabi/13.3.1/thumb/v6-m/nofp\libgcc.a(ledf2.o)
                0x1004134c                __ledf2
                0x1004134c                __ltdf2
 *(.text*)
 .text.BQ27427_Read
                0x10041428       0x68 ./Core/Src/BQ27427.o
 .text.BQ27427_Write
                0x10041490       0x4e ./Core/Src/BQ27427.o
 *fill*         0x100414de        0x2 
 .text.BQ27427_Init
                0x100414e0       0x4c ./Core/Src/BQ27427.o
                0x100414e0                BQ27427_Init
 .text.BQ27427_ReadVoltage
                0x1004152c       0x24 ./Core/Src/BQ27427.o
                0x1004152c                BQ27427_ReadVoltage
 .text.BQ27427_ReadFlags
                0x10041550       0x24 ./Core/Src/BQ27427.o
                0x10041550                BQ27427_ReadFlags
 .text.BQ27427_ReadNominalAvailableCapacity
                0x10041574       0x24 ./Core/Src/BQ27427.o
                0x10041574                BQ27427_ReadNominalAvailableCapacity
 .text.BQ27427_ReadFullAvailableCapacity
                0x10041598       0x24 ./Core/Src/BQ27427.o
                0x10041598                BQ27427_ReadFullAvailableCapacity
 .text.BQ27427_ReadRemainingCapacity
                0x100415bc       0x24 ./Core/Src/BQ27427.o
                0x100415bc                BQ27427_ReadRemainingCapacity
 .text.BQ27427_ReadFullChargeCapacity
                0x100415e0       0x24 ./Core/Src/BQ27427.o
                0x100415e0                BQ27427_ReadFullChargeCapacity
 .text.BQ27427_ReadAverageCurrent
                0x10041604       0x24 ./Core/Src/BQ27427.o
                0x10041604                BQ27427_ReadAverageCurrent
 .text.BQ27427_ReadStateOfCharge
                0x10041628       0x24 ./Core/Src/BQ27427.o
                0x10041628                BQ27427_ReadStateOfCharge
 .text.BQ27427_ReadRemainingCapacityUnfiltered
                0x1004164c       0x24 ./Core/Src/BQ27427.o
                0x1004164c                BQ27427_ReadRemainingCapacityUnfiltered
 .text.BQ27427_ReadInternal
                0x10041670       0x4e ./Core/Src/BQ27427.o
 .text.BQ27427_selectDataBlock
                0x100416be       0x7a ./Core/Src/BQ27427.o
 .text.BQ27427_calcChecksum
                0x10041738      0x188 ./Core/Src/BQ27427.o
 .text.BQ27427_SetDesignCapacity
                0x100418c0      0xa44 ./Core/Src/BQ27427.o
                0x100418c0                BQ27427_SetDesignCapacity
 .text.BQ27427_SetChemistryProfile
                0x10042304      0x170 ./Core/Src/BQ27427.o
                0x10042304                BQ27427_SetChemistryProfile
 .text.BQ27427_GetDesignCapacity
                0x10042474       0xc4 ./Core/Src/BQ27427.o
                0x10042474                BQ27427_GetDesignCapacity
 .text.LL_AHB1_GRP1_EnableClock
                0x10042538       0x2c ./Core/Src/main.o
 .text.gauge_read
                0x10042564       0x48 ./Core/Src/main.o
 .text.main     0x100425ac       0xe0 ./Core/Src/main.o
                0x100425ac                main
 .text.SystemClock_Config
                0x1004268c       0x3a ./Core/Src/main.o
                0x1004268c                SystemClock_Config
 .text.PeriphCommonClock_Config
                0x100426c6       0x3a ./Core/Src/main.o
                0x100426c6                PeriphCommonClock_Config
 .text.MX_I2C1_Init
                0x10042700       0x80 ./Core/Src/main.o
 .text.MX_GPIO_Init
                0x10042780       0x16 ./Core/Src/main.o
 .text.Error_Handler
                0x10042796        0xc ./Core/Src/main.o
                0x10042796                Error_Handler
 *fill*         0x100427a2        0x2 
 .text.LL_PWR_SetNoPullA
                0x100427a4       0x30 ./Core/Src/stm32wb0x_hal_msp.o
 .text.LL_PWR_SetNoPullB
                0x100427d4       0x30 ./Core/Src/stm32wb0x_hal_msp.o
 .text.LL_AHB1_GRP1_EnableClock
                0x10042804       0x2c ./Core/Src/stm32wb0x_hal_msp.o
 .text.LL_APB0_GRP1_EnableClock
                0x10042830       0x2c ./Core/Src/stm32wb0x_hal_msp.o
 .text.LL_APB1_GRP1_EnableClock
                0x1004285c       0x2c ./Core/Src/stm32wb0x_hal_msp.o
 .text.HAL_MspInit
                0x10042888       0x14 ./Core/Src/stm32wb0x_hal_msp.o
                0x10042888                HAL_MspInit
 .text.HAL_I2C_MspInit
                0x1004289c       0xac ./Core/Src/stm32wb0x_hal_msp.o
                0x1004289c                HAL_I2C_MspInit
 .text.NMI_Handler
                0x10042948        0x8 ./Core/Src/stm32wb0x_it.o
                0x10042948                NMI_Handler
 .text.HardFault_Handler
                0x10042950        0x8 ./Core/Src/stm32wb0x_it.o
                0x10042950                HardFault_Handler
 .text.SVC_Handler
                0x10042958        0xa ./Core/Src/stm32wb0x_it.o
                0x10042958                SVC_Handler
 .text.PendSV_Handler
                0x10042962        0xa ./Core/Src/stm32wb0x_it.o
                0x10042962                PendSV_Handler
 .text.SysTick_Handler
                0x1004296c        0xe ./Core/Src/stm32wb0x_it.o
                0x1004296c                SysTick_Handler
 *fill*         0x1004297a        0x2 
 .text.__NVIC_SetPriority
                0x1004297c       0xdc ./Core/Src/system_stm32wb0x.o
 .text.__NVIC_SystemReset
                0x10042a58       0x24 ./Core/Src/system_stm32wb0x.o
 .text.SystemInit
                0x10042a7c      0x1c8 ./Core/Src/system_stm32wb0x.o
                0x10042a7c                SystemInit
 .text.SystemCoreClockUpdate
                0x10042c44       0x64 ./Core/Src/system_stm32wb0x.o
                0x10042c44                SystemCoreClockUpdate
 .text.CPUcontextRestore
                0x10042ca8        0xa ./Core/Src/system_stm32wb0x.o
                0x10042ca8                CPUcontextRestore
 *fill*         0x10042cb2        0x2 
 .text.Reset_Handler
                0x10042cb4       0x64 ./Core/Startup/startup_stm32wb09kevx.o
                0x10042cb4                Reset_Handler
 .text.Default_Handler
                0x10042d18        0x2 ./Core/Startup/startup_stm32wb09kevx.o
                0x10042d18                RADIO_TXRX_SEQ_IRQHandler
                0x10042d18                GPIOB_IRQHandler
                0x10042d18                GPIOA_IRQHandler
                0x10042d18                PVD_IRQHandler
                0x10042d18                I2C1_IRQHandler
                0x10042d18                PKA_IRQHandler
                0x10042d18                TIM17_IRQHandler
                0x10042d18                RTC_IRQHandler
                0x10042d18                RADIO_TXRX_IRQHandler
                0x10042d18                TIM16_IRQHandler
                0x10042d18                RCC_IRQHandler
                0x10042d18                RADIO_TIMER_CPU_WKUP_IRQHandler
                0x10042d18                Default_Handler
                0x10042d18                ADC_IRQHandler
                0x10042d18                LPUART1_IRQHandler
                0x10042d18                TIM2_IRQHandler
                0x10042d18                RADIO_TIMER_ERROR_IRQHandler
                0x10042d18                DMA_IRQHandler
                0x10042d18                FLASH_IRQHandler
                0x10042d18                USART1_IRQHandler
                0x10042d18                SPI3_IRQHandler
                0x10042d18                TRNG_IRQHandler
                0x10042d18                RADIO_TIMER_TXRX_WKUP_IRQHandler
 .text.HAL_Init
                0x10042d1a       0x2e ./Drivers/STM32WB0x_HAL_Driver/Src/stm32wb0x_hal.o
                0x10042d1a                HAL_Init
 .text.HAL_InitTick
                0x10042d48       0x90 ./Drivers/STM32WB0x_HAL_Driver/Src/stm32wb0x_hal.o
                0x10042d48                HAL_InitTick
 .text.HAL_IncTick
                0x10042dd8       0x24 ./Drivers/STM32WB0x_HAL_Driver/Src/stm32wb0x_hal.o
                0x10042dd8                HAL_IncTick
 .text.HAL_GetTick
                0x10042dfc       0x14 ./Drivers/STM32WB0x_HAL_Driver/Src/stm32wb0x_hal.o
                0x10042dfc                HAL_GetTick
 .text.HAL_GetTickPrio
                0x10042e10       0x14 ./Drivers/STM32WB0x_HAL_Driver/Src/stm32wb0x_hal.o
                0x10042e10                HAL_GetTickPrio
 .text.HAL_Delay
                0x10042e24       0x48 ./Drivers/STM32WB0x_HAL_Driver/Src/stm32wb0x_hal.o
                0x10042e24                HAL_Delay
 .text.__NVIC_SetPriority
                0x10042e6c       0xdc ./Drivers/STM32WB0x_HAL_Driver/Src/stm32wb0x_hal_cortex.o
 .text.SysTick_Config
                0x10042f48       0x48 ./Drivers/STM32WB0x_HAL_Driver/Src/stm32wb0x_hal_cortex.o
 .text.HAL_NVIC_SetPriority
                0x10042f90       0x2a ./Drivers/STM32WB0x_HAL_Driver/Src/stm32wb0x_hal_cortex.o
                0x10042f90                HAL_NVIC_SetPriority
 .text.HAL_SYSTICK_Config
                0x10042fba       0x1a ./Drivers/STM32WB0x_HAL_Driver/Src/stm32wb0x_hal_cortex.o
                0x10042fba                HAL_SYSTICK_Config
 .text.HAL_GPIO_Init
                0x10042fd4      0x34a ./Drivers/STM32WB0x_HAL_Driver/Src/stm32wb0x_hal_gpio.o
                0x10042fd4                HAL_GPIO_Init
 *fill*         0x1004331e        0x2 
 .text.HAL_I2C_Init
                0x10043320      0x14c ./Drivers/STM32WB0x_HAL_Driver/Src/stm32wb0x_hal_i2c.o
                0x10043320                HAL_I2C_Init
 .text.HAL_I2C_Mem_Write
                0x1004346c      0x25c ./Drivers/STM32WB0x_HAL_Driver/Src/stm32wb0x_hal_i2c.o
                0x1004346c                HAL_I2C_Mem_Write
 .text.HAL_I2C_Mem_Read
                0x100436c8      0x268 ./Drivers/STM32WB0x_HAL_Driver/Src/stm32wb0x_hal_i2c.o
                0x100436c8                HAL_I2C_Mem_Read
 .text.I2C_RequestMemoryWrite
                0x10043930       0xc8 ./Drivers/STM32WB0x_HAL_Driver/Src/stm32wb0x_hal_i2c.o
 .text.I2C_RequestMemoryRead
                0x100439f8       0xc4 ./Drivers/STM32WB0x_HAL_Driver/Src/stm32wb0x_hal_i2c.o
 .text.I2C_Flush_TXDR
                0x10043abc       0x44 ./Drivers/STM32WB0x_HAL_Driver/Src/stm32wb0x_hal_i2c.o
 .text.I2C_WaitOnFlagUntilTimeout
                0x10043b00       0xb0 ./Drivers/STM32WB0x_HAL_Driver/Src/stm32wb0x_hal_i2c.o
 .text.I2C_WaitOnTXISFlagUntilTimeout
                0x10043bb0       0x8c ./Drivers/STM32WB0x_HAL_Driver/Src/stm32wb0x_hal_i2c.o
 .text.I2C_WaitOnSTOPFlagUntilTimeout
                0x10043c3c       0x86 ./Drivers/STM32WB0x_HAL_Driver/Src/stm32wb0x_hal_i2c.o
 *fill*         0x10043cc2        0x2 
 .text.I2C_IsErrorOccurred
                0x10043cc4      0x1f0 ./Drivers/STM32WB0x_HAL_Driver/Src/stm32wb0x_hal_i2c.o
 .text.I2C_TransferConfig
                0x10043eb4       0x74 ./Drivers/STM32WB0x_HAL_Driver/Src/stm32wb0x_hal_i2c.o
 .text.HAL_I2CEx_ConfigAnalogFilter
                0x10043f28       0x98 ./Drivers/STM32WB0x_HAL_Driver/Src/stm32wb0x_hal_i2c_ex.o
                0x10043f28                HAL_I2CEx_ConfigAnalogFilter
 .text.HAL_I2CEx_ConfigDigitalFilter
                0x10043fc0       0x98 ./Drivers/STM32WB0x_HAL_Driver/Src/stm32wb0x_hal_i2c_ex.o
                0x10043fc0                HAL_I2CEx_ConfigDigitalFilter
 .text.LL_RCC_HSE_IsReady
                0x10044058       0x28 ./Drivers/STM32WB0x_HAL_Driver/Src/stm32wb0x_hal_rcc.o
 .text.LL_RCC_HSI_Enable
                0x10044080       0x28 ./Drivers/STM32WB0x_HAL_Driver/Src/stm32wb0x_hal_rcc.o
 .text.LL_RCC_HSI_IsReady
                0x100440a8       0x28 ./Drivers/STM32WB0x_HAL_Driver/Src/stm32wb0x_hal_rcc.o
 .text.LL_RCC_DIRECT_HSE_Enable
                0x100440d0       0x4c ./Drivers/STM32WB0x_HAL_Driver/Src/stm32wb0x_hal_rcc.o
 .text.LL_RCC_RC64MPLL_Enable
                0x1004411c       0x1c ./Drivers/STM32WB0x_HAL_Driver/Src/stm32wb0x_hal_rcc.o
 .text.LL_RCC_RC64MPLL_Disable
                0x10044138       0x20 ./Drivers/STM32WB0x_HAL_Driver/Src/stm32wb0x_hal_rcc.o
 .text.LL_RCC_RC64MPLL_IsReady
                0x10044158       0x28 ./Drivers/STM32WB0x_HAL_Driver/Src/stm32wb0x_hal_rcc.o
 .text.LL_RCC_SetRC64MPLLPrescaler
                0x10044180       0x28 ./Drivers/STM32WB0x_HAL_Driver/Src/stm32wb0x_hal_rcc.o
 .text.HAL_RCC_ClockConfig
                0x100441a8      0x158 ./Drivers/STM32WB0x_HAL_Driver/Src/stm32wb0x_hal_rcc.o
                0x100441a8                HAL_RCC_ClockConfig
 .text.HAL_RCC_GetSysClockFreq
                0x10044300       0x14 ./Drivers/STM32WB0x_HAL_Driver/Src/stm32wb0x_hal_rcc.o
                0x10044300                HAL_RCC_GetSysClockFreq
 .text.LL_RCC_LSCO_SetSource
                0x10044314       0x2c ./Drivers/STM32WB0x_HAL_Driver/Src/stm32wb0x_hal_rcc_ex.o
 .text.LL_RCC_SetRFClock
                0x10044340       0x28 ./Drivers/STM32WB0x_HAL_Driver/Src/stm32wb0x_hal_rcc_ex.o
 .text.LL_RCC_SetSMPSPrescaler
                0x10044368       0x2c ./Drivers/STM32WB0x_HAL_Driver/Src/stm32wb0x_hal_rcc_ex.o
 .text.LL_RCC_SetLPUARTClockSource
                0x10044394       0x2c ./Drivers/STM32WB0x_HAL_Driver/Src/stm32wb0x_hal_rcc_ex.o
 .text.LL_RCC_SetSPI3I2SClockSource
                0x100443c0       0x2c ./Drivers/STM32WB0x_HAL_Driver/Src/stm32wb0x_hal_rcc_ex.o
 .text.HAL_RCCEx_PeriphCLKConfig
                0x100443ec       0x76 ./Drivers/STM32WB0x_HAL_Driver/Src/stm32wb0x_hal_rcc_ex.o
                0x100443ec                HAL_RCCEx_PeriphCLKConfig
 .text.memset   0x10044462       0x10 C:/ST/STM32CubeIDE_1.18.0/STM32CubeIDE/plugins/com.st.stm32cube.ide.mcu.externaltools.gnu-tools-for-stm32.13.3.rel1.win32_1.0.0.202411081344/tools/bin/../lib/gcc/arm-none-eabi/13.3.1/../../../../arm-none-eabi/lib/thumb/v6-m/nofp\libc_nano.a(libc_a-memset.o)
                0x10044462                memset
 *(i.*)
 *(.constdata)
 *(.glue_7)
 .glue_7        0x10044472        0x0 linker stubs
 *(.glue_7t)
 .glue_7t       0x10044472        0x0 linker stubs
                0x10044474                        . = ALIGN (0x4)
 *fill*         0x10044472        0x2 
                0x10044474                        _etext = .

.vfp11_veneer   0x10044474        0x0
 .vfp11_veneer  0x10044474        0x0 linker stubs

.v4_bx          0x10044474        0x0
 .v4_bx         0x10044474        0x0 linker stubs

.init           0x10044474        0x4
 .init          0x10044474        0x4 C:/ST/STM32CubeIDE_1.18.0/STM32CubeIDE/plugins/com.st.stm32cube.ide.mcu.externaltools.gnu-tools-for-stm32.13.3.rel1.win32_1.0.0.202411081344/tools/bin/../lib/gcc/arm-none-eabi/13.3.1/thumb/v6-m/nofp/crti.o
                0x10044474                _init

.fini           0x10044478        0x4
 .fini          0x10044478        0x4 C:/ST/STM32CubeIDE_1.18.0/STM32CubeIDE/plugins/com.st.stm32cube.ide.mcu.externaltools.gnu-tools-for-stm32.13.3.rel1.win32_1.0.0.202411081344/tools/bin/../lib/gcc/arm-none-eabi/13.3.1/thumb/v6-m/nofp/crti.o
                0x10044478                _fini

.iplt           0x1004447c        0x0
 .iplt          0x1004447c        0x0 ./Core/Src/BQ27427.o

.rodata         0x1004447c       0x40
                0x1004447c                        . = ALIGN (0x4)
 *(.rodata)
 .rodata        0x1004447c       0x40 C:/ST/STM32CubeIDE_1.18.0/STM32CubeIDE/plugins/com.st.stm32cube.ide.mcu.externaltools.gnu-tools-for-stm32.13.3.rel1.win32_1.0.0.202411081344/tools/bin/../lib/gcc/arm-none-eabi/13.3.1/thumb/v6-m/nofp\libgcc.a(divdf3.o)
 *(.rodata*)
                0x100444bc                        . = ALIGN (0x4)

.rel.dyn        0x100444bc        0x0
 .rel.iplt      0x100444bc        0x0 ./Core/Src/BQ27427.o

.ARM.extab
 *(.ARM.extab*)

.ARM            0x100444bc        0x0
                0x100444bc                        __exidx_start = .
 *(.ARM.exidx*)
                0x100444bc                        __exidx_end = .
                0x100444bc                        _sidata = LOADADDR (.data)

.ram_preamble   0x20000004       0x2c
 *(.ram_vr)
 .ram_vr        0x20000004       0x2c ./Core/Src/system_stm32wb0x.o
                0x20000004                RAM_VR

.ram_preamble_2
 *(.crash_info_ram_vr)

.bss.blueRAM    0x200000c0        0x0
                0x200000c0                        . = ALIGN (0x4)
                0x200000c0                        _sbssblue = .
 *(.bss.__blue_RAM)
                0x200000c0                        . = ALIGN (0x4)
                0x200000c0                        _ebssblue = .

.bss            0x200000c0       0x5c
                0x200000c0                        . = ALIGN (0x4)
                0x200000c0                        _sbss = .
 *(.bss)
 *(.bss*)
 .bss.bq_sensor
                0x200000c0        0x4 ./Core/Src/BQ27427.o
                0x200000c0                bq_sensor
 .bss.hi2c1     0x200000c4       0x54 ./Core/Src/main.o
                0x200000c4                hi2c1
 .bss.uwTick    0x20000118        0x4 ./Drivers/STM32WB0x_HAL_Driver/Src/stm32wb0x_hal.o
                0x20000118                uwTick
 *(COMMON)
                0x2000011c                        . = ALIGN (0x4)
                0x2000011c                        _ebss = .

.data           0x2000011c        0xc load address 0x100444bc
                0x2000011c                        . = ALIGN (0x4)
                0x2000011c                        _sdata = .
 *(.data)
 *(.data*)
 .data.SystemCoreClock
                0x2000011c        0x4 ./Core/Src/system_stm32wb0x.o
                0x2000011c                SystemCoreClock
 .data.uwTickPrio
                0x20000120        0x4 ./Drivers/STM32WB0x_HAL_Driver/Src/stm32wb0x_hal.o
                0x20000120                uwTickPrio
 .data.uwTickFreq
                0x20000124        0x1 ./Drivers/STM32WB0x_HAL_Driver/Src/stm32wb0x_hal.o
                0x20000124                uwTickFreq
                0x20000128                        . = ALIGN (0x4)
 *fill*         0x20000125        0x3 
                0x20000128                        _edata = .

.igot.plt       0x20000128        0x0 load address 0x100444c8
 .igot.plt      0x20000128        0x0 ./Core/Src/BQ27427.o

.noinit         0x20000128        0x0 load address 0x100444c8
                0x20000128                        . = ALIGN (0x4)
 *(.noinit)
                0x20000128                        . = ALIGN (0x4)

.ota_region_end
                0x100444c8        0x0
                0x100444c8                        . = ALIGN (0x4)
 *(TAG_OTA_END)
                0x100444c8                        . = ALIGN (0x4)

.heap           0x20000128        0x0
                0x20000128                        . = ALIGN (0x4)
                [!provide]                        PROVIDE (end = .)
                0x20000128                        PROVIDE (_end = .)
                0x20000128                        . = (. + _Min_Heap_Size)
                0x20000128                        . = ALIGN (0x4)

.stack          0x2000f400      0xc00
                0x2000f400                        . = ALIGN (0x4)
                0x20010000                        . = (. + _Min_Stack_Size)
 *fill*         0x2000f400      0xc00 
                0x20010000                        . = ALIGN (0x4)
                0x20010000                        _estack = .
                0x20010000                        . = ALIGN (0x4)

.rom_info       0x10000000        0x0
                0x10000000                        . = ALIGN (0x4)
 *(.rom_info)
                0x10000000                        . = ALIGN (0x4)

/DISCARD/
 libc.a(*)
 libm.a(*)
 libgcc.a(*)

.ARM.attributes
                0x00000000       0x28
 *(.ARM.attributes)
 .ARM.attributes
                0x00000000       0x1e C:/ST/STM32CubeIDE_1.18.0/STM32CubeIDE/plugins/com.st.stm32cube.ide.mcu.externaltools.gnu-tools-for-stm32.13.3.rel1.win32_1.0.0.202411081344/tools/bin/../lib/gcc/arm-none-eabi/13.3.1/thumb/v6-m/nofp/crti.o
 .ARM.attributes
                0x0000001e       0x2c ./Core/Src/BQ27427.o
 .ARM.attributes
                0x0000004a       0x2c ./Core/Src/main.o
 .ARM.attributes
                0x00000076       0x2c ./Core/Src/stm32wb0x_hal_msp.o
 .ARM.attributes
                0x000000a2       0x2c ./Core/Src/stm32wb0x_it.o
 .ARM.attributes
                0x000000ce       0x2c ./Core/Src/system_stm32wb0x.o
 .ARM.attributes
                0x000000fa       0x22 ./Core/Startup/startup_stm32wb09kevx.o
 .ARM.attributes
                0x0000011c       0x2c ./Drivers/STM32WB0x_HAL_Driver/Src/stm32wb0x_hal.o
 .ARM.attributes
                0x00000148       0x2c ./Drivers/STM32WB0x_HAL_Driver/Src/stm32wb0x_hal_cortex.o
 .ARM.attributes
                0x00000174       0x2c ./Drivers/STM32WB0x_HAL_Driver/Src/stm32wb0x_hal_gpio.o
 .ARM.attributes
                0x000001a0       0x2c ./Drivers/STM32WB0x_HAL_Driver/Src/stm32wb0x_hal_i2c.o
 .ARM.attributes
                0x000001cc       0x2c ./Drivers/STM32WB0x_HAL_Driver/Src/stm32wb0x_hal_i2c_ex.o
 .ARM.attributes
                0x000001f8       0x2c ./Drivers/STM32WB0x_HAL_Driver/Src/stm32wb0x_hal_rcc.o
 .ARM.attributes
                0x00000224       0x2c ./Drivers/STM32WB0x_HAL_Driver/Src/stm32wb0x_hal_rcc_ex.o
 .ARM.attributes
                0x00000250       0x2c C:/ST/STM32CubeIDE_1.18.0/STM32CubeIDE/plugins/com.st.stm32cube.ide.mcu.externaltools.gnu-tools-for-stm32.13.3.rel1.win32_1.0.0.202411081344/tools/bin/../lib/gcc/arm-none-eabi/13.3.1/../../../../arm-none-eabi/lib/thumb/v6-m/nofp\libc_nano.a(libc_a-memset.o)
 .ARM.attributes
                0x0000027c       0x1e C:/ST/STM32CubeIDE_1.18.0/STM32CubeIDE/plugins/com.st.stm32cube.ide.mcu.externaltools.gnu-tools-for-stm32.13.3.rel1.win32_1.0.0.202411081344/tools/bin/../lib/gcc/arm-none-eabi/13.3.1/thumb/v6-m/nofp\libgcc.a(_udivsi3.o)
 .ARM.attributes
                0x0000029a       0x1e C:/ST/STM32CubeIDE_1.18.0/STM32CubeIDE/plugins/com.st.stm32cube.ide.mcu.externaltools.gnu-tools-for-stm32.13.3.rel1.win32_1.0.0.202411081344/tools/bin/../lib/gcc/arm-none-eabi/13.3.1/thumb/v6-m/nofp\libgcc.a(_dvmd_tls.o)
 .ARM.attributes
                0x000002b8       0x2c C:/ST/STM32CubeIDE_1.18.0/STM32CubeIDE/plugins/com.st.stm32cube.ide.mcu.externaltools.gnu-tools-for-stm32.13.3.rel1.win32_1.0.0.202411081344/tools/bin/../lib/gcc/arm-none-eabi/13.3.1/thumb/v6-m/nofp\libgcc.a(_fixunsdfsi.o)
 .ARM.attributes
                0x000002e4       0x2c C:/ST/STM32CubeIDE_1.18.0/STM32CubeIDE/plugins/com.st.stm32cube.ide.mcu.externaltools.gnu-tools-for-stm32.13.3.rel1.win32_1.0.0.202411081344/tools/bin/../lib/gcc/arm-none-eabi/13.3.1/thumb/v6-m/nofp\libgcc.a(divdf3.o)
 .ARM.attributes
                0x00000310       0x2c C:/ST/STM32CubeIDE_1.18.0/STM32CubeIDE/plugins/com.st.stm32cube.ide.mcu.externaltools.gnu-tools-for-stm32.13.3.rel1.win32_1.0.0.202411081344/tools/bin/../lib/gcc/arm-none-eabi/13.3.1/thumb/v6-m/nofp\libgcc.a(subdf3.o)
 .ARM.attributes
                0x0000033c       0x2c C:/ST/STM32CubeIDE_1.18.0/STM32CubeIDE/plugins/com.st.stm32cube.ide.mcu.externaltools.gnu-tools-for-stm32.13.3.rel1.win32_1.0.0.202411081344/tools/bin/../lib/gcc/arm-none-eabi/13.3.1/thumb/v6-m/nofp\libgcc.a(fixdfsi.o)
 .ARM.attributes
                0x00000368       0x2c C:/ST/STM32CubeIDE_1.18.0/STM32CubeIDE/plugins/com.st.stm32cube.ide.mcu.externaltools.gnu-tools-for-stm32.13.3.rel1.win32_1.0.0.202411081344/tools/bin/../lib/gcc/arm-none-eabi/13.3.1/thumb/v6-m/nofp\libgcc.a(floatsidf.o)
 .ARM.attributes
                0x00000394       0x1e C:/ST/STM32CubeIDE_1.18.0/STM32CubeIDE/plugins/com.st.stm32cube.ide.mcu.externaltools.gnu-tools-for-stm32.13.3.rel1.win32_1.0.0.202411081344/tools/bin/../lib/gcc/arm-none-eabi/13.3.1/thumb/v6-m/nofp\libgcc.a(_arm_cmpdf2.o)
 .ARM.attributes
                0x000003b2       0x1e C:/ST/STM32CubeIDE_1.18.0/STM32CubeIDE/plugins/com.st.stm32cube.ide.mcu.externaltools.gnu-tools-for-stm32.13.3.rel1.win32_1.0.0.202411081344/tools/bin/../lib/gcc/arm-none-eabi/13.3.1/thumb/v6-m/nofp\libgcc.a(_clzsi2.o)
 .ARM.attributes
                0x000003d0       0x2c C:/ST/STM32CubeIDE_1.18.0/STM32CubeIDE/plugins/com.st.stm32cube.ide.mcu.externaltools.gnu-tools-for-stm32.13.3.rel1.win32_1.0.0.202411081344/tools/bin/../lib/gcc/arm-none-eabi/13.3.1/thumb/v6-m/nofp\libgcc.a(eqdf2.o)
 .ARM.attributes
                0x000003fc       0x2c C:/ST/STM32CubeIDE_1.18.0/STM32CubeIDE/plugins/com.st.stm32cube.ide.mcu.externaltools.gnu-tools-for-stm32.13.3.rel1.win32_1.0.0.202411081344/tools/bin/../lib/gcc/arm-none-eabi/13.3.1/thumb/v6-m/nofp\libgcc.a(gedf2.o)
 .ARM.attributes
                0x00000428       0x2c C:/ST/STM32CubeIDE_1.18.0/STM32CubeIDE/plugins/com.st.stm32cube.ide.mcu.externaltools.gnu-tools-for-stm32.13.3.rel1.win32_1.0.0.202411081344/tools/bin/../lib/gcc/arm-none-eabi/13.3.1/thumb/v6-m/nofp\libgcc.a(ledf2.o)
OUTPUT(BQ27427_Sensor.elf elf32-littlearm)
LOAD linker stubs
LOAD C:/ST/STM32CubeIDE_1.18.0/STM32CubeIDE/plugins/com.st.stm32cube.ide.mcu.externaltools.gnu-tools-for-stm32.13.3.rel1.win32_1.0.0.202411081344/tools/bin/../lib/gcc/arm-none-eabi/13.3.1/../../../../arm-none-eabi/lib/thumb/v6-m/nofp\libc.a
LOAD C:/ST/STM32CubeIDE_1.18.0/STM32CubeIDE/plugins/com.st.stm32cube.ide.mcu.externaltools.gnu-tools-for-stm32.13.3.rel1.win32_1.0.0.202411081344/tools/bin/../lib/gcc/arm-none-eabi/13.3.1/../../../../arm-none-eabi/lib/thumb/v6-m/nofp\libm.a
LOAD C:/ST/STM32CubeIDE_1.18.0/STM32CubeIDE/plugins/com.st.stm32cube.ide.mcu.externaltools.gnu-tools-for-stm32.13.3.rel1.win32_1.0.0.202411081344/tools/bin/../lib/gcc/arm-none-eabi/13.3.1/thumb/v6-m/nofp\libgcc.a

.debug_info     0x00000000     0x86fc
 .debug_info    0x00000000     0x1267 ./Core/Src/BQ27427.o
 .debug_info    0x00001267      0xd40 ./Core/Src/main.o
 .debug_info    0x00001fa7      0xbbc ./Core/Src/stm32wb0x_hal_msp.o
 .debug_info    0x00002b63       0xd2 ./Core/Src/stm32wb0x_it.o
 .debug_info    0x00002c35      0x876 ./Core/Src/system_stm32wb0x.o
 .debug_info    0x000034ab       0x30 ./Core/Startup/startup_stm32wb09kevx.o
 .debug_info    0x000034db      0x8ab ./Drivers/STM32WB0x_HAL_Driver/Src/stm32wb0x_hal.o
 .debug_info    0x00003d86      0x811 ./Drivers/STM32WB0x_HAL_Driver/Src/stm32wb0x_hal_cortex.o
 .debug_info    0x00004597      0x561 ./Drivers/STM32WB0x_HAL_Driver/Src/stm32wb0x_hal_gpio.o
 .debug_info    0x00004af8     0x2131 ./Drivers/STM32WB0x_HAL_Driver/Src/stm32wb0x_hal_i2c.o
 .debug_info    0x00006c29      0x7c6 ./Drivers/STM32WB0x_HAL_Driver/Src/stm32wb0x_hal_i2c_ex.o
 .debug_info    0x000073ef      0xc3d ./Drivers/STM32WB0x_HAL_Driver/Src/stm32wb0x_hal_rcc.o
 .debug_info    0x0000802c      0x6d0 ./Drivers/STM32WB0x_HAL_Driver/Src/stm32wb0x_hal_rcc_ex.o

.debug_abbrev   0x00000000     0x1a53
 .debug_abbrev  0x00000000      0x2b7 ./Core/Src/BQ27427.o
 .debug_abbrev  0x000002b7      0x2f6 ./Core/Src/main.o
 .debug_abbrev  0x000005ad      0x206 ./Core/Src/stm32wb0x_hal_msp.o
 .debug_abbrev  0x000007b3       0x73 ./Core/Src/stm32wb0x_it.o
 .debug_abbrev  0x00000826      0x26b ./Core/Src/system_stm32wb0x.o
 .debug_abbrev  0x00000a91       0x24 ./Core/Startup/startup_stm32wb09kevx.o
 .debug_abbrev  0x00000ab5      0x28f ./Drivers/STM32WB0x_HAL_Driver/Src/stm32wb0x_hal.o
 .debug_abbrev  0x00000d44      0x29a ./Drivers/STM32WB0x_HAL_Driver/Src/stm32wb0x_hal_cortex.o
 .debug_abbrev  0x00000fde      0x1c3 ./Drivers/STM32WB0x_HAL_Driver/Src/stm32wb0x_hal_gpio.o
 .debug_abbrev  0x000011a1      0x22a ./Drivers/STM32WB0x_HAL_Driver/Src/stm32wb0x_hal_i2c.o
 .debug_abbrev  0x000013cb      0x17b ./Drivers/STM32WB0x_HAL_Driver/Src/stm32wb0x_hal_i2c_ex.o
 .debug_abbrev  0x00001546      0x2df ./Drivers/STM32WB0x_HAL_Driver/Src/stm32wb0x_hal_rcc.o
 .debug_abbrev  0x00001825      0x22e ./Drivers/STM32WB0x_HAL_Driver/Src/stm32wb0x_hal_rcc_ex.o

.debug_aranges  0x00000000      0x9a8
 .debug_aranges
                0x00000000       0xe8 ./Core/Src/BQ27427.o
 .debug_aranges
                0x000000e8       0x68 ./Core/Src/main.o
 .debug_aranges
                0x00000150       0x60 ./Core/Src/stm32wb0x_hal_msp.o
 .debug_aranges
                0x000001b0       0x40 ./Core/Src/stm32wb0x_it.o
 .debug_aranges
                0x000001f0       0x40 ./Core/Src/system_stm32wb0x.o
 .debug_aranges
                0x00000230       0x28 ./Core/Startup/startup_stm32wb09kevx.o
 .debug_aranges
                0x00000258      0x118 ./Drivers/STM32WB0x_HAL_Driver/Src/stm32wb0x_hal.o
 .debug_aranges
                0x00000370       0xd0 ./Drivers/STM32WB0x_HAL_Driver/Src/stm32wb0x_hal_cortex.o
 .debug_aranges
                0x00000440       0x60 ./Drivers/STM32WB0x_HAL_Driver/Src/stm32wb0x_hal_gpio.o
 .debug_aranges
                0x000004a0      0x2a0 ./Drivers/STM32WB0x_HAL_Driver/Src/stm32wb0x_hal_i2c.o
 .debug_aranges
                0x00000740       0x38 ./Drivers/STM32WB0x_HAL_Driver/Src/stm32wb0x_hal_i2c_ex.o
 .debug_aranges
                0x00000778      0x160 ./Drivers/STM32WB0x_HAL_Driver/Src/stm32wb0x_hal_rcc.o
 .debug_aranges
                0x000008d8       0xd0 ./Drivers/STM32WB0x_HAL_Driver/Src/stm32wb0x_hal_rcc_ex.o

.debug_rnglists
                0x00000000      0x749
 .debug_rnglists
                0x00000000       0xad ./Core/Src/BQ27427.o
 .debug_rnglists
                0x000000ad       0x4b ./Core/Src/main.o
 .debug_rnglists
                0x000000f8       0x44 ./Core/Src/stm32wb0x_hal_msp.o
 .debug_rnglists
                0x0000013c       0x2b ./Core/Src/stm32wb0x_it.o
 .debug_rnglists
                0x00000167       0x2d ./Core/Src/system_stm32wb0x.o
 .debug_rnglists
                0x00000194       0x19 ./Core/Startup/startup_stm32wb09kevx.o
 .debug_rnglists
                0x000001ad       0xce ./Drivers/STM32WB0x_HAL_Driver/Src/stm32wb0x_hal.o
 .debug_rnglists
                0x0000027b       0x99 ./Drivers/STM32WB0x_HAL_Driver/Src/stm32wb0x_hal_cortex.o
 .debug_rnglists
                0x00000314       0x45 ./Drivers/STM32WB0x_HAL_Driver/Src/stm32wb0x_hal_gpio.o
 .debug_rnglists
                0x00000359      0x229 ./Drivers/STM32WB0x_HAL_Driver/Src/stm32wb0x_hal_i2c.o
 .debug_rnglists
                0x00000582       0x27 ./Drivers/STM32WB0x_HAL_Driver/Src/stm32wb0x_hal_i2c_ex.o
 .debug_rnglists
                0x000005a9      0x107 ./Drivers/STM32WB0x_HAL_Driver/Src/stm32wb0x_hal_rcc.o
 .debug_rnglists
                0x000006b0       0x99 ./Drivers/STM32WB0x_HAL_Driver/Src/stm32wb0x_hal_rcc_ex.o

.debug_macro    0x00000000    0x17c60
 .debug_macro   0x00000000      0x1f0 ./Core/Src/BQ27427.o
 .debug_macro   0x000001f0      0xaae ./Core/Src/BQ27427.o
 .debug_macro   0x00000c9e       0xdd ./Core/Src/BQ27427.o
 .debug_macro   0x00000d7b       0x2e ./Core/Src/BQ27427.o
 .debug_macro   0x00000da9       0x4c ./Core/Src/BQ27427.o
 .debug_macro   0x00000df5       0x22 ./Core/Src/BQ27427.o
 .debug_macro   0x00000e17       0x8e ./Core/Src/BQ27427.o
 .debug_macro   0x00000ea5       0x51 ./Core/Src/BQ27427.o
 .debug_macro   0x00000ef6      0x103 ./Core/Src/BQ27427.o
 .debug_macro   0x00000ff9       0x6a ./Core/Src/BQ27427.o
 .debug_macro   0x00001063      0x1df ./Core/Src/BQ27427.o
 .debug_macro   0x00001242       0x1c ./Core/Src/BQ27427.o
 .debug_macro   0x0000125e       0x22 ./Core/Src/BQ27427.o
 .debug_macro   0x00001280       0xd1 ./Core/Src/BQ27427.o
 .debug_macro   0x00001351      0x4da ./Core/Src/BQ27427.o
 .debug_macro   0x0000182b      0x11f ./Core/Src/BQ27427.o
 .debug_macro   0x0000194a     0xe4b8 ./Core/Src/BQ27427.o
 .debug_macro   0x0000fe02       0x98 ./Core/Src/BQ27427.o
 .debug_macro   0x0000fe9a       0x82 ./Core/Src/BQ27427.o
 .debug_macro   0x0000ff1c     0x3439 ./Core/Src/BQ27427.o
 .debug_macro   0x00013355      0x190 ./Core/Src/BQ27427.o
 .debug_macro   0x000134e5       0x6a ./Core/Src/BQ27427.o
 .debug_macro   0x0001354f       0xc7 ./Core/Src/BQ27427.o
 .debug_macro   0x00013616      0x2c5 ./Core/Src/BQ27427.o
 .debug_macro   0x000138db      0x2c7 ./Core/Src/BQ27427.o
 .debug_macro   0x00013ba2      0x1f8 ./Core/Src/BQ27427.o
 .debug_macro   0x00013d9a      0x1d7 ./Core/Src/BQ27427.o
 .debug_macro   0x00013f71       0x90 ./Core/Src/BQ27427.o
 .debug_macro   0x00014001      0x224 ./Core/Src/BQ27427.o
 .debug_macro   0x00014225       0xef ./Core/Src/BQ27427.o
 .debug_macro   0x00014314      0x22c ./Core/Src/BQ27427.o
 .debug_macro   0x00014540       0x41 ./Core/Src/BQ27427.o
 .debug_macro   0x00014581       0xa5 ./Core/Src/BQ27427.o
 .debug_macro   0x00014626      0x396 ./Core/Src/BQ27427.o
 .debug_macro   0x000149bc      0x1d2 ./Core/Src/BQ27427.o
 .debug_macro   0x00014b8e      0x366 ./Core/Src/BQ27427.o
 .debug_macro   0x00014ef4       0xc3 ./Core/Src/BQ27427.o
 .debug_macro   0x00014fb7      0x2be ./Core/Src/BQ27427.o
 .debug_macro   0x00015275       0xa4 ./Core/Src/BQ27427.o
 .debug_macro   0x00015319      0x730 ./Core/Src/BQ27427.o
 .debug_macro   0x00015a49      0x11e ./Core/Src/BQ27427.o
 .debug_macro   0x00015b67       0x77 ./Core/Src/BQ27427.o
 .debug_macro   0x00015bde       0xe8 ./Core/Src/BQ27427.o
 .debug_macro   0x00015cc6      0x2c2 ./Core/Src/main.o
 .debug_macro   0x00015f88       0xe8 ./Core/Src/main.o
 .debug_macro   0x00016070       0x61 ./Core/Src/main.o
 .debug_macro   0x000160d1       0x24 ./Core/Src/main.o
 .debug_macro   0x000160f5       0x43 ./Core/Src/main.o
 .debug_macro   0x00016138       0x34 ./Core/Src/main.o
 .debug_macro   0x0001616c      0x370 ./Core/Src/main.o
 .debug_macro   0x000164dc       0x16 ./Core/Src/main.o
 .debug_macro   0x000164f2       0x4a ./Core/Src/main.o
 .debug_macro   0x0001653c       0x34 ./Core/Src/main.o
 .debug_macro   0x00016570       0x10 ./Core/Src/main.o
 .debug_macro   0x00016580       0x58 ./Core/Src/main.o
 .debug_macro   0x000165d8       0x8e ./Core/Src/main.o
 .debug_macro   0x00016666       0x1c ./Core/Src/main.o
 .debug_macro   0x00016682      0x185 ./Core/Src/main.o
 .debug_macro   0x00016807       0x10 ./Core/Src/main.o
 .debug_macro   0x00016817       0x3c ./Core/Src/main.o
 .debug_macro   0x00016853       0x20 ./Core/Src/main.o
 .debug_macro   0x00016873      0x1e1 ./Core/Src/stm32wb0x_hal_msp.o
 .debug_macro   0x00016a54      0x1eb ./Core/Src/stm32wb0x_it.o
 .debug_macro   0x00016c3f      0x1f5 ./Core/Src/system_stm32wb0x.o
 .debug_macro   0x00016e34      0x1d7 ./Drivers/STM32WB0x_HAL_Driver/Src/stm32wb0x_hal.o
 .debug_macro   0x0001700b      0x1d7 ./Drivers/STM32WB0x_HAL_Driver/Src/stm32wb0x_hal_cortex.o
 .debug_macro   0x000171e2      0x1de ./Drivers/STM32WB0x_HAL_Driver/Src/stm32wb0x_hal_gpio.o
 .debug_macro   0x000173c0      0x2a3 ./Drivers/STM32WB0x_HAL_Driver/Src/stm32wb0x_hal_i2c.o
 .debug_macro   0x00017663      0x1d7 ./Drivers/STM32WB0x_HAL_Driver/Src/stm32wb0x_hal_i2c_ex.o
 .debug_macro   0x0001783a      0x225 ./Drivers/STM32WB0x_HAL_Driver/Src/stm32wb0x_hal_rcc.o
 .debug_macro   0x00017a5f      0x201 ./Drivers/STM32WB0x_HAL_Driver/Src/stm32wb0x_hal_rcc_ex.o

.debug_line     0x00000000     0xaf9d
 .debug_line    0x00000000      0xdc9 ./Core/Src/BQ27427.o
 .debug_line    0x00000dc9      0xa6b ./Core/Src/main.o
 .debug_line    0x00001834      0x880 ./Core/Src/stm32wb0x_hal_msp.o
 .debug_line    0x000020b4      0x7c4 ./Core/Src/stm32wb0x_it.o
 .debug_line    0x00002878      0x8f7 ./Core/Src/system_stm32wb0x.o
 .debug_line    0x0000316f       0x88 ./Core/Startup/startup_stm32wb09kevx.o
 .debug_line    0x000031f7      0xafa ./Drivers/STM32WB0x_HAL_Driver/Src/stm32wb0x_hal.o
 .debug_line    0x00003cf1      0xb64 ./Drivers/STM32WB0x_HAL_Driver/Src/stm32wb0x_hal_cortex.o
 .debug_line    0x00004855      0xb97 ./Drivers/STM32WB0x_HAL_Driver/Src/stm32wb0x_hal_gpio.o
 .debug_line    0x000053ec     0x3765 ./Drivers/STM32WB0x_HAL_Driver/Src/stm32wb0x_hal_i2c.o
 .debug_line    0x00008b51      0x837 ./Drivers/STM32WB0x_HAL_Driver/Src/stm32wb0x_hal_i2c_ex.o
 .debug_line    0x00009388     0x10b8 ./Drivers/STM32WB0x_HAL_Driver/Src/stm32wb0x_hal_rcc.o
 .debug_line    0x0000a440      0xb5d ./Drivers/STM32WB0x_HAL_Driver/Src/stm32wb0x_hal_rcc_ex.o

.debug_str      0x00000000    0x9d81e
 .debug_str     0x00000000    0x9d81e ./Core/Src/BQ27427.o
                              0x98c4b (size before relaxing)
 .debug_str     0x0009d81e    0x9be7a ./Core/Src/main.o
 .debug_str     0x0009d81e    0x9844b ./Core/Src/stm32wb0x_hal_msp.o
 .debug_str     0x0009d81e    0x97d35 ./Core/Src/stm32wb0x_it.o
 .debug_str     0x0009d81e    0x981ee ./Core/Src/system_stm32wb0x.o
 .debug_str     0x0009d81e       0x83 ./Core/Startup/startup_stm32wb09kevx.o
 .debug_str     0x0009d81e    0x98361 ./Drivers/STM32WB0x_HAL_Driver/Src/stm32wb0x_hal.o
 .debug_str     0x0009d81e    0x9820f ./Drivers/STM32WB0x_HAL_Driver/Src/stm32wb0x_hal_cortex.o
 .debug_str     0x0009d81e    0x97f8f ./Drivers/STM32WB0x_HAL_Driver/Src/stm32wb0x_hal_gpio.o
 .debug_str     0x0009d81e    0x9913e ./Drivers/STM32WB0x_HAL_Driver/Src/stm32wb0x_hal_i2c.o
 .debug_str     0x0009d81e    0x98342 ./Drivers/STM32WB0x_HAL_Driver/Src/stm32wb0x_hal_i2c_ex.o
 .debug_str     0x0009d81e    0x98660 ./Drivers/STM32WB0x_HAL_Driver/Src/stm32wb0x_hal_rcc.o
 .debug_str     0x0009d81e    0x982ac ./Drivers/STM32WB0x_HAL_Driver/Src/stm32wb0x_hal_rcc_ex.o

.comment        0x00000000       0x43
 .comment       0x00000000       0x43 ./Core/Src/BQ27427.o
                                 0x44 (size before relaxing)
 .comment       0x00000043       0x44 ./Core/Src/main.o
 .comment       0x00000043       0x44 ./Core/Src/stm32wb0x_hal_msp.o
 .comment       0x00000043       0x44 ./Core/Src/stm32wb0x_it.o
 .comment       0x00000043       0x44 ./Core/Src/system_stm32wb0x.o
 .comment       0x00000043       0x44 ./Drivers/STM32WB0x_HAL_Driver/Src/stm32wb0x_hal.o
 .comment       0x00000043       0x44 ./Drivers/STM32WB0x_HAL_Driver/Src/stm32wb0x_hal_cortex.o
 .comment       0x00000043       0x44 ./Drivers/STM32WB0x_HAL_Driver/Src/stm32wb0x_hal_gpio.o
 .comment       0x00000043       0x44 ./Drivers/STM32WB0x_HAL_Driver/Src/stm32wb0x_hal_i2c.o
 .comment       0x00000043       0x44 ./Drivers/STM32WB0x_HAL_Driver/Src/stm32wb0x_hal_i2c_ex.o
 .comment       0x00000043       0x44 ./Drivers/STM32WB0x_HAL_Driver/Src/stm32wb0x_hal_rcc.o
 .comment       0x00000043       0x44 ./Drivers/STM32WB0x_HAL_Driver/Src/stm32wb0x_hal_rcc_ex.o

.debug_frame    0x00000000     0x2374
 .debug_frame   0x00000000      0x380 ./Core/Src/BQ27427.o
 .debug_frame   0x00000380      0x144 ./Core/Src/main.o
 .debug_frame   0x000004c4      0x12c ./Core/Src/stm32wb0x_hal_msp.o
 .debug_frame   0x000005f0       0x9c ./Core/Src/stm32wb0x_it.o
 .debug_frame   0x0000068c       0xa8 ./Core/Src/system_stm32wb0x.o
 .debug_frame   0x00000734      0x3c0 ./Drivers/STM32WB0x_HAL_Driver/Src/stm32wb0x_hal.o
 .debug_frame   0x00000af4      0x2dc ./Drivers/STM32WB0x_HAL_Driver/Src/stm32wb0x_hal_cortex.o
 .debug_frame   0x00000dd0      0x130 ./Drivers/STM32WB0x_HAL_Driver/Src/stm32wb0x_hal_gpio.o
 .debug_frame   0x00000f00      0xa68 ./Drivers/STM32WB0x_HAL_Driver/Src/stm32wb0x_hal_i2c.o
 .debug_frame   0x00001968       0x90 ./Drivers/STM32WB0x_HAL_Driver/Src/stm32wb0x_hal_i2c_ex.o
 .debug_frame   0x000019f8      0x4c8 ./Drivers/STM32WB0x_HAL_Driver/Src/stm32wb0x_hal_rcc.o
 .debug_frame   0x00001ec0      0x2c4 ./Drivers/STM32WB0x_HAL_Driver/Src/stm32wb0x_hal_rcc_ex.o
 .debug_frame   0x00002184       0x20 C:/ST/STM32CubeIDE_1.18.0/STM32CubeIDE/plugins/com.st.stm32cube.ide.mcu.externaltools.gnu-tools-for-stm32.13.3.rel1.win32_1.0.0.202411081344/tools/bin/../lib/gcc/arm-none-eabi/13.3.1/../../../../arm-none-eabi/lib/thumb/v6-m/nofp\libc_nano.a(libc_a-memset.o)
 .debug_frame   0x000021a4       0x20 C:/ST/STM32CubeIDE_1.18.0/STM32CubeIDE/plugins/com.st.stm32cube.ide.mcu.externaltools.gnu-tools-for-stm32.13.3.rel1.win32_1.0.0.202411081344/tools/bin/../lib/gcc/arm-none-eabi/13.3.1/thumb/v6-m/nofp\libgcc.a(_udivsi3.o)
 .debug_frame   0x000021c4       0x2c C:/ST/STM32CubeIDE_1.18.0/STM32CubeIDE/plugins/com.st.stm32cube.ide.mcu.externaltools.gnu-tools-for-stm32.13.3.rel1.win32_1.0.0.202411081344/tools/bin/../lib/gcc/arm-none-eabi/13.3.1/thumb/v6-m/nofp\libgcc.a(_fixunsdfsi.o)
 .debug_frame   0x000021f0       0x3c C:/ST/STM32CubeIDE_1.18.0/STM32CubeIDE/plugins/com.st.stm32cube.ide.mcu.externaltools.gnu-tools-for-stm32.13.3.rel1.win32_1.0.0.202411081344/tools/bin/../lib/gcc/arm-none-eabi/13.3.1/thumb/v6-m/nofp\libgcc.a(divdf3.o)
 .debug_frame   0x0000222c       0x3c C:/ST/STM32CubeIDE_1.18.0/STM32CubeIDE/plugins/com.st.stm32cube.ide.mcu.externaltools.gnu-tools-for-stm32.13.3.rel1.win32_1.0.0.202411081344/tools/bin/../lib/gcc/arm-none-eabi/13.3.1/thumb/v6-m/nofp\libgcc.a(subdf3.o)
 .debug_frame   0x00002268       0x30 C:/ST/STM32CubeIDE_1.18.0/STM32CubeIDE/plugins/com.st.stm32cube.ide.mcu.externaltools.gnu-tools-for-stm32.13.3.rel1.win32_1.0.0.202411081344/tools/bin/../lib/gcc/arm-none-eabi/13.3.1/thumb/v6-m/nofp\libgcc.a(fixdfsi.o)
 .debug_frame   0x00002298       0x2c C:/ST/STM32CubeIDE_1.18.0/STM32CubeIDE/plugins/com.st.stm32cube.ide.mcu.externaltools.gnu-tools-for-stm32.13.3.rel1.win32_1.0.0.202411081344/tools/bin/../lib/gcc/arm-none-eabi/13.3.1/thumb/v6-m/nofp\libgcc.a(floatsidf.o)
 .debug_frame   0x000022c4       0x38 C:/ST/STM32CubeIDE_1.18.0/STM32CubeIDE/plugins/com.st.stm32cube.ide.mcu.externaltools.gnu-tools-for-stm32.13.3.rel1.win32_1.0.0.202411081344/tools/bin/../lib/gcc/arm-none-eabi/13.3.1/thumb/v6-m/nofp\libgcc.a(eqdf2.o)
 .debug_frame   0x000022fc       0x3c C:/ST/STM32CubeIDE_1.18.0/STM32CubeIDE/plugins/com.st.stm32cube.ide.mcu.externaltools.gnu-tools-for-stm32.13.3.rel1.win32_1.0.0.202411081344/tools/bin/../lib/gcc/arm-none-eabi/13.3.1/thumb/v6-m/nofp\libgcc.a(gedf2.o)
 .debug_frame   0x00002338       0x3c C:/ST/STM32CubeIDE_1.18.0/STM32CubeIDE/plugins/com.st.stm32cube.ide.mcu.externaltools.gnu-tools-for-stm32.13.3.rel1.win32_1.0.0.202411081344/tools/bin/../lib/gcc/arm-none-eabi/13.3.1/thumb/v6-m/nofp\libgcc.a(ledf2.o)

.debug_line_str
                0x00000000       0x67
 .debug_line_str
                0x00000000       0x67 ./Core/Startup/startup_stm32wb09kevx.o
