../Drivers/STM32WB0x_HAL_Driver/Inc/stm32wb0x_ll_pwr.h:2694:22:LL_PWR_SetNoPullA	16	static
../Drivers/STM32WB0x_HAL_Driver/Inc/stm32wb0x_ll_pwr.h:2723:22:LL_PWR_SetNoPullB	16	static
../Drivers/STM32WB0x_HAL_Driver/Inc/stm32wb0x_ll_bus.h:229:22:LL_AHB1_GRP1_EnableClock	24	static
../Drivers/STM32WB0x_HAL_Driver/Inc/stm32wb0x_ll_bus.h:358:22:LL_APB0_GRP1_EnableClock	24	static
../Drivers/STM32WB0x_HAL_Driver/Inc/stm32wb0x_ll_bus.h:504:22:LL_APB1_GRP1_EnableClock	24	static
../Drivers/STM32WB0x_HAL_Driver/Inc/stm32wb0x_ll_bus.h:566:22:LL_APB1_GRP1_DisableClock	16	static
../Core/Src/stm32wb0x_hal_msp.c:63:6:HAL_MspInit	8	static
../Core/Src/stm32wb0x_hal_msp.c:85:6:HAL_I2C_MspInit	48	static
../Core/Src/stm32wb0x_hal_msp.c:134:6:HAL_I2C_MspDeInit	16	static
