../Drivers/STM32WB0x_HAL_Driver/Inc/stm32wb0x_ll_pwr.h:611:22:LL_PWR_EnableRAMBankRet	16	static
../Drivers/STM32WB0x_HAL_Driver/Inc/stm32wb0x_ll_pwr.h:653:22:LL_PWR_DisableRAMBankRet	16	static
../Drivers/STM32WB0x_HAL_Driver/Inc/stm32wb0x_ll_pwr.h:737:22:LL_PWR_EnableGPIORET	8	static
../Drivers/STM32WB0x_HAL_Driver/Inc/stm32wb0x_ll_pwr.h:747:22:LL_PWR_DisableGPIORET	8	static
../Drivers/STM32WB0x_HAL_Driver/Inc/stm32wb0x_ll_pwr.h:778:22:LL_PWR_EnableDBGRET	8	static
../Drivers/STM32WB0x_HAL_Driver/Inc/stm32wb0x_ll_pwr.h:789:22:LL_PWR_DisableDBGRET	8	static
../Drivers/STM32WB0x_HAL_Driver/Inc/stm32wb0x_ll_pwr.h:1840:22:LL_PWR_ClearWakeupSource	16	static
../Drivers/STM32WB0x_HAL_Driver/Inc/stm32wb0x_ll_pwr.h:2312:26:LL_PWR_IsSMPSinRUNMode	8	static
../Drivers/STM32WB0x_HAL_Driver/Src/stm32wb0x_hal_pwr_ex.c:51:6:HAL_PWREx_EnableInternalWakeUpLine	8	static
../Drivers/STM32WB0x_HAL_Driver/Src/stm32wb0x_hal_pwr_ex.c:60:6:HAL_PWREx_DisableInternalWakeUpLine	8	static
../Drivers/STM32WB0x_HAL_Driver/Src/stm32wb0x_hal_pwr_ex.c:70:6:HAL_PWREx_EnableInternalWakeUpLineLpuart	8	static
../Drivers/STM32WB0x_HAL_Driver/Src/stm32wb0x_hal_pwr_ex.c:79:6:HAL_PWREx_DisableInternalWakeUpLineLpuart	8	static
../Drivers/STM32WB0x_HAL_Driver/Src/stm32wb0x_hal_pwr_ex.c:89:6:HAL_PWREx_EnableBleHostCpuWakeUp	8	static
../Drivers/STM32WB0x_HAL_Driver/Src/stm32wb0x_hal_pwr_ex.c:98:6:HAL_PWREx_DisableBleHostCpuWakeUp	8	static
../Drivers/STM32WB0x_HAL_Driver/Src/stm32wb0x_hal_pwr_ex.c:107:6:HAL_PWREx_EnableBleWakeUp	8	static
../Drivers/STM32WB0x_HAL_Driver/Src/stm32wb0x_hal_pwr_ex.c:116:6:HAL_PWREx_DisableBleWakeUp	8	static
../Drivers/STM32WB0x_HAL_Driver/Src/stm32wb0x_hal_pwr_ex.c:141:19:HAL_PWREx_EnableGPIOPullUp	24	static
../Drivers/STM32WB0x_HAL_Driver/Src/stm32wb0x_hal_pwr_ex.c:181:19:HAL_PWREx_DisableGPIOPullUp	24	static
../Drivers/STM32WB0x_HAL_Driver/Src/stm32wb0x_hal_pwr_ex.c:225:19:HAL_PWREx_EnableGPIOPullDown	24	static
../Drivers/STM32WB0x_HAL_Driver/Src/stm32wb0x_hal_pwr_ex.c:265:19:HAL_PWREx_DisableGPIOPullDown	24	static
../Drivers/STM32WB0x_HAL_Driver/Src/stm32wb0x_hal_pwr_ex.c:298:6:HAL_PWREx_EnablePullUpPullDownConfig	8	static
../Drivers/STM32WB0x_HAL_Driver/Src/stm32wb0x_hal_pwr_ex.c:309:6:HAL_PWREx_DisablePullUpPullDownConfig	8	static
../Drivers/STM32WB0x_HAL_Driver/Src/stm32wb0x_hal_pwr_ex.c:326:6:HAL_PWREx_EnableSRAMRetention	16	static
../Drivers/STM32WB0x_HAL_Driver/Src/stm32wb0x_hal_pwr_ex.c:343:6:HAL_PWREx_DisableSRAMRetention	16	static
../Drivers/STM32WB0x_HAL_Driver/Src/stm32wb0x_hal_pwr_ex.c:355:6:HAL_PWREx_EnableGPIORetention	8	static
../Drivers/STM32WB0x_HAL_Driver/Src/stm32wb0x_hal_pwr_ex.c:365:6:HAL_PWREx_DisableGPIORetention	8	static
../Drivers/STM32WB0x_HAL_Driver/Src/stm32wb0x_hal_pwr_ex.c:378:6:HAL_PWREx_EnableDBGRetention	8	static
../Drivers/STM32WB0x_HAL_Driver/Src/stm32wb0x_hal_pwr_ex.c:388:6:HAL_PWREx_DisableDBGRetention	8	static
../Drivers/STM32WB0x_HAL_Driver/Src/stm32wb0x_hal_pwr_ex.c:419:19:HAL_PWREx_ConfigSMPS	16	static
../Drivers/STM32WB0x_HAL_Driver/Src/stm32wb0x_hal_pwr_ex.c:440:6:HAL_PWREx_SMPS_SetMode	16	static
../Drivers/STM32WB0x_HAL_Driver/Src/stm32wb0x_hal_pwr_ex.c:476:10:HAL_PWREx_SMPS_GetMode	8	static
../Drivers/STM32WB0x_HAL_Driver/Src/stm32wb0x_hal_pwr_ex.c:494:6:HAL_PWREx_EnterSHUTDOWNMode	8	static,ignoring_inline_asm
