../Drivers/STM32WB0x_HAL_Driver/Inc/stm32wb0x_ll_pwr.h:452:22:LL_PWR_EnableBORinSDN	8	static
../Drivers/STM32WB0x_HAL_Driver/Inc/stm32wb0x_ll_pwr.h:462:22:LL_PWR_DisableBORinSDN	8	static
../Drivers/STM32WB0x_HAL_Driver/Inc/stm32wb0x_ll_pwr.h:737:22:LL_PWR_EnableGPIORET	8	static
../Drivers/STM32WB0x_HAL_Driver/Inc/stm32wb0x_ll_pwr.h:1763:26:LL_PWR_GetWakeupSource	16	static
../Drivers/STM32WB0x_HAL_Driver/Inc/stm32wb0x_ll_pwr.h:1840:22:LL_PWR_ClearWakeupSource	16	static
../Drivers/STM32WB0x_HAL_Driver/Inc/stm32wb0x_ll_pwr.h:3172:22:LL_PWR_EnableIOWakeupSDN	8	static
../Drivers/STM32WB0x_HAL_Driver/Inc/stm32wb0x_ll_pwr.h:3182:22:LL_PWR_DisableIOWakeupSDN	8	static
../Drivers/STM32WB0x_HAL_Driver/Inc/stm32wb0x_ll_pwr.h:3205:22:LL_PWR_IOWakeupPolaritySDN	16	static
../Drivers/STM32WB0x_HAL_Driver/Inc/stm32wb0x_ll_rcc.h:674:26:LL_RCC_HSI_IsReady	8	static
../Drivers/STM32WB0x_HAL_Driver/Inc/stm32wb0x_ll_rcc.h:738:22:LL_RCC_DIRECT_HSE_Disable	8	static
../Drivers/STM32WB0x_HAL_Driver/Inc/stm32wb0x_ll_rcc.h:750:26:LL_RCC_DIRECT_HSE_IsEnabled	8	static
../Drivers/STM32WB0x_HAL_Driver/Inc/stm32wb0x_ll_rcc.h:874:22:LL_RCC_LSE_Disable	8	static
../Drivers/STM32WB0x_HAL_Driver/Inc/stm32wb0x_ll_rcc.h:894:26:LL_RCC_LSE_IsReady	8	static
../Drivers/STM32WB0x_HAL_Driver/Inc/stm32wb0x_ll_rcc.h:982:22:LL_RCC_LSI_Disable	8	static
../Drivers/STM32WB0x_HAL_Driver/Inc/stm32wb0x_ll_rcc.h:1002:26:LL_RCC_LSI_IsReady	8	static
../Drivers/STM32WB0x_HAL_Driver/Inc/stm32wb0x_ll_bus.h:642:22:LL_APB2_GRP1_EnableClock	24	static
../Drivers/STM32WB0x_HAL_Driver/Inc/stm32wb0x_ll_bus.h:659:26:LL_APB2_GRP1_IsEnabledClock	16	static
../Drivers/STM32WB0x_HAL_Driver/Inc/stm32wb0x_ll_bus.h:672:22:LL_APB2_GRP1_DisableClock	16	static
../Drivers/STM32WB0x_HAL_Driver/Src/stm32wb0x_hal_pwr.c:69:6:HAL_PWR_DeInit	8	static
../Drivers/STM32WB0x_HAL_Driver/Src/stm32wb0x_hal_pwr.c:142:19:HAL_PWR_ConfigPVD	16	static
../Drivers/STM32WB0x_HAL_Driver/Src/stm32wb0x_hal_pwr.c:167:6:HAL_PWR_EnablePVD	8	static
../Drivers/STM32WB0x_HAL_Driver/Src/stm32wb0x_hal_pwr.c:177:6:HAL_PWR_DisablePVD	8	static
../Drivers/STM32WB0x_HAL_Driver/Src/stm32wb0x_hal_pwr.c:228:6:HAL_PWR_EnableWakeUpPin	16	static
../Drivers/STM32WB0x_HAL_Driver/Src/stm32wb0x_hal_pwr.c:291:6:HAL_PWR_DisableWakeUpPin	16	static
../Drivers/STM32WB0x_HAL_Driver/Src/stm32wb0x_hal_pwr.c:304:10:HAL_PWR_GetClearWakeupSource	16	static
../Drivers/STM32WB0x_HAL_Driver/Src/stm32wb0x_hal_pwr.c:325:6:HAL_PWR_EnterSLEEPMode	8	static,ignoring_inline_asm
../Drivers/STM32WB0x_HAL_Driver/Src/stm32wb0x_hal_pwr.c:341:19:HAL_PWR_ConfigDEEPSTOP	24	static
../Drivers/STM32WB0x_HAL_Driver/Src/stm32wb0x_hal_pwr.c:403:6:HAL_PWR_EnterDEEPSTOPMode	8	static,ignoring_inline_asm
../Drivers/STM32WB0x_HAL_Driver/Src/stm32wb0x_hal_pwr.c:423:19:HAL_PWR_ConfigSHUTDOWN	16	static
../Drivers/STM32WB0x_HAL_Driver/Src/stm32wb0x_hal_pwr.c:485:6:HAL_PWR_EnableSleepOnExit	8	static
../Drivers/STM32WB0x_HAL_Driver/Src/stm32wb0x_hal_pwr.c:498:6:HAL_PWR_DisableSleepOnExit	8	static
../Drivers/STM32WB0x_HAL_Driver/Src/stm32wb0x_hal_pwr.c:511:6:HAL_PWR_EnableSEVOnPend	8	static
../Drivers/STM32WB0x_HAL_Driver/Src/stm32wb0x_hal_pwr.c:524:6:HAL_PWR_DisableSEVOnPend	8	static
../Drivers/STM32WB0x_HAL_Driver/Src/stm32wb0x_hal_pwr.c:535:6:HAL_PWR_PVD_IRQHandler	8	static
../Drivers/STM32WB0x_HAL_Driver/Src/stm32wb0x_hal_pwr.c:552:13:HAL_PWR_PVDCallback	8	static
../Drivers/STM32WB0x_HAL_Driver/Src/stm32wb0x_hal_pwr.c:564:6:HAL_PWR_WKUP_IRQHandler	16	static
../Drivers/STM32WB0x_HAL_Driver/Src/stm32wb0x_hal_pwr.c:582:13:HAL_PWR_WKUPx_Callback	16	static
