../Drivers/STM32WB0x_HAL_Driver/Inc/stm32wb0x_ll_pwr.h:2723:22:LL_PWR_SetNoPullB	16	static
../Drivers/STM32WB0x_HAL_Driver/Inc/stm32wb0x_ll_rcc.h:478:22:LL_RCC_HSE_Enable	8	static
../Drivers/STM32WB0x_HAL_Driver/Inc/stm32wb0x_ll_rcc.h:488:22:LL_RCC_HSE_Disable	8	static
../Drivers/STM32WB0x_HAL_Driver/Inc/stm32wb0x_ll_rcc.h:498:26:LL_RCC_HSE_IsEnabled	8	static
../Drivers/STM32WB0x_HAL_Driver/Inc/stm32wb0x_ll_rcc.h:508:26:LL_RCC_HSE_IsReady	8	static
../Drivers/STM32WB0x_HAL_Driver/Inc/stm32wb0x_ll_rcc.h:519:22:LL_RCC_HSE_SetCapacitorTuning	16	static
../Drivers/STM32WB0x_HAL_Driver/Inc/stm32wb0x_ll_rcc.h:548:22:LL_RCC_HSE_SetCurrentControl	16	static
../Drivers/STM32WB0x_HAL_Driver/Inc/stm32wb0x_ll_rcc.h:652:22:LL_RCC_HSI_Enable	8	static
../Drivers/STM32WB0x_HAL_Driver/Inc/stm32wb0x_ll_rcc.h:663:22:LL_RCC_HSI_Disable	8	static
../Drivers/STM32WB0x_HAL_Driver/Inc/stm32wb0x_ll_rcc.h:674:26:LL_RCC_HSI_IsReady	8	static
../Drivers/STM32WB0x_HAL_Driver/Inc/stm32wb0x_ll_rcc.h:722:22:LL_RCC_DIRECT_HSE_Enable	16	static,ignoring_inline_asm
../Drivers/STM32WB0x_HAL_Driver/Inc/stm32wb0x_ll_rcc.h:738:22:LL_RCC_DIRECT_HSE_Disable	8	static
../Drivers/STM32WB0x_HAL_Driver/Inc/stm32wb0x_ll_rcc.h:750:26:LL_RCC_DIRECT_HSE_IsEnabled	8	static
../Drivers/STM32WB0x_HAL_Driver/Inc/stm32wb0x_ll_rcc.h:833:22:LL_RCC_LSCO_SetSource	16	static
../Drivers/STM32WB0x_HAL_Driver/Inc/stm32wb0x_ll_rcc.h:864:22:LL_RCC_LSE_Enable	8	static
../Drivers/STM32WB0x_HAL_Driver/Inc/stm32wb0x_ll_rcc.h:874:22:LL_RCC_LSE_Disable	8	static
../Drivers/STM32WB0x_HAL_Driver/Inc/stm32wb0x_ll_rcc.h:884:26:LL_RCC_LSE_IsEnabled	8	static
../Drivers/STM32WB0x_HAL_Driver/Inc/stm32wb0x_ll_rcc.h:894:26:LL_RCC_LSE_IsReady	8	static
../Drivers/STM32WB0x_HAL_Driver/Inc/stm32wb0x_ll_rcc.h:904:22:LL_RCC_LSE_EnableBypass	8	static
../Drivers/STM32WB0x_HAL_Driver/Inc/stm32wb0x_ll_rcc.h:914:22:LL_RCC_LSE_DisableBypass	8	static
../Drivers/STM32WB0x_HAL_Driver/Inc/stm32wb0x_ll_rcc.h:924:26:LL_RCC_LSE_IsBypassEnabled	8	static
../Drivers/STM32WB0x_HAL_Driver/Inc/stm32wb0x_ll_rcc.h:940:22:LL_RCC_LSE_SetDriveCapability	16	static
../Drivers/STM32WB0x_HAL_Driver/Inc/stm32wb0x_ll_rcc.h:972:22:LL_RCC_LSI_Enable	8	static
../Drivers/STM32WB0x_HAL_Driver/Inc/stm32wb0x_ll_rcc.h:982:22:LL_RCC_LSI_Disable	8	static
../Drivers/STM32WB0x_HAL_Driver/Inc/stm32wb0x_ll_rcc.h:992:26:LL_RCC_LSI_IsEnabled	8	static
../Drivers/STM32WB0x_HAL_Driver/Inc/stm32wb0x_ll_rcc.h:1002:26:LL_RCC_LSI_IsReady	8	static
../Drivers/STM32WB0x_HAL_Driver/Inc/stm32wb0x_ll_rcc.h:1262:22:LL_RCC_ConfigMCO	16	static
../Drivers/STM32WB0x_HAL_Driver/Inc/stm32wb0x_ll_rcc.h:1472:22:LL_RCC_RC64MPLL_Enable	8	static
../Drivers/STM32WB0x_HAL_Driver/Inc/stm32wb0x_ll_rcc.h:1483:22:LL_RCC_RC64MPLL_Disable	8	static
../Drivers/STM32WB0x_HAL_Driver/Inc/stm32wb0x_ll_rcc.h:1493:26:LL_RCC_RC64MPLL_IsReady	8	static
../Drivers/STM32WB0x_HAL_Driver/Inc/stm32wb0x_ll_rcc.h:1511:22:LL_RCC_SetRC64MPLLPrescaler	16	static
../Drivers/STM32WB0x_HAL_Driver/Inc/stm32wb0x_ll_rcc.h:1552:26:LL_RCC_GetCLKSYSPrescalerStatus	8	static
../Drivers/STM32WB0x_HAL_Driver/Inc/stm32wb0x_ll_rcc.h:1837:22:LL_RCC_ClearResetFlags	8	static
../Drivers/STM32WB0x_HAL_Driver/Inc/stm32wb0x_ll_bus.h:229:22:LL_AHB1_GRP1_EnableClock	24	static
../Drivers/STM32WB0x_HAL_Driver/Src/stm32wb0x_hal_rcc.c:182:19:HAL_RCC_DeInit	16	static
../Drivers/STM32WB0x_HAL_Driver/Src/stm32wb0x_hal_rcc.c:264:19:HAL_RCC_OscConfig	24	static
../Drivers/STM32WB0x_HAL_Driver/Src/stm32wb0x_hal_rcc.c:540:19:HAL_RCC_ClockConfig	24	static,ignoring_inline_asm
../Drivers/STM32WB0x_HAL_Driver/Src/stm32wb0x_hal_rcc.c:719:6:HAL_RCC_MCOConfig	56	static
../Drivers/STM32WB0x_HAL_Driver/Src/stm32wb0x_hal_rcc.c:779:10:HAL_RCC_GetSysClockFreq	8	static
../Drivers/STM32WB0x_HAL_Driver/Src/stm32wb0x_hal_rcc.c:791:6:HAL_RCC_GetOscConfig	16	static
../Drivers/STM32WB0x_HAL_Driver/Src/stm32wb0x_hal_rcc.c:852:6:HAL_RCC_GetClockConfig	16	static
