../Drivers/STM32WB0x_HAL_Driver/Inc/stm32wb0x_ll_rcc.h:508:26:LL_RCC_HSE_IsReady	8	static
../Drivers/STM32WB0x_HAL_Driver/Inc/stm32wb0x_ll_rcc.h:750:26:LL_RCC_DIRECT_HSE_IsEnabled	8	static
../Drivers/STM32WB0x_HAL_Driver/Inc/stm32wb0x_ll_rcc.h:833:22:LL_RCC_LSCO_SetSource	16	static
../Drivers/STM32WB0x_HAL_Driver/Inc/stm32wb0x_ll_rcc.h:846:26:LL_RCC_LSCO_GetSource	8	static
../Drivers/STM32WB0x_HAL_Driver/Inc/stm32wb0x_ll_rcc.h:1135:22:LL_RCC_SetRFClock	16	static
../Drivers/STM32WB0x_HAL_Driver/Inc/stm32wb0x_ll_rcc.h:1147:26:LL_RCC_GetRFClock	8	static
../Drivers/STM32WB0x_HAL_Driver/Inc/stm32wb0x_ll_rcc.h:1180:22:LL_RCC_SetSMPSPrescaler	16	static
../Drivers/STM32WB0x_HAL_Driver/Inc/stm32wb0x_ll_rcc.h:1192:26:LL_RCC_GetSMPSPrescaler	8	static
../Drivers/STM32WB0x_HAL_Driver/Inc/stm32wb0x_ll_rcc.h:1214:22:LL_RCC_SetLPUARTClockSource	16	static
../Drivers/STM32WB0x_HAL_Driver/Inc/stm32wb0x_ll_rcc.h:1226:26:LL_RCC_GetLPUARTClockSource	8	static
../Drivers/STM32WB0x_HAL_Driver/Inc/stm32wb0x_ll_rcc.h:1276:22:LL_RCC_ConfigLSCO	16	static
../Drivers/STM32WB0x_HAL_Driver/Inc/stm32wb0x_ll_rcc.h:1287:22:LL_RCC_LSCOinDeepStop_Enable	8	static
../Drivers/STM32WB0x_HAL_Driver/Inc/stm32wb0x_ll_rcc.h:1297:22:LL_RCC_LSCOinDeepStop_Disable	8	static
../Drivers/STM32WB0x_HAL_Driver/Inc/stm32wb0x_ll_rcc.h:1425:22:LL_RCC_SetSPI3I2SClockSource	16	static
../Drivers/STM32WB0x_HAL_Driver/Inc/stm32wb0x_ll_rcc.h:1453:26:LL_RCC_GetSPI3I2SClockSource	8	static
../Drivers/STM32WB0x_HAL_Driver/Inc/stm32wb0x_ll_rcc.h:1493:26:LL_RCC_RC64MPLL_IsReady	8	static
../Drivers/STM32WB0x_HAL_Driver/Inc/stm32wb0x_ll_bus.h:229:22:LL_AHB1_GRP1_EnableClock	24	static
../Drivers/STM32WB0x_HAL_Driver/Src/stm32wb0x_hal_rcc_ex.c:107:19:HAL_RCCEx_PeriphCLKConfig	16	static
../Drivers/STM32WB0x_HAL_Driver/Src/stm32wb0x_hal_rcc_ex.c:170:6:HAL_RCCEx_GetPeriphCLKConfig	16	static
../Drivers/STM32WB0x_HAL_Driver/Src/stm32wb0x_hal_rcc_ex.c:213:10:HAL_RCCEx_GetPeriphCLKFreq	24	static
../Drivers/STM32WB0x_HAL_Driver/Src/stm32wb0x_hal_rcc_ex.c:380:6:HAL_RCCEx_EnableLSCO	48	static
../Drivers/STM32WB0x_HAL_Driver/Src/stm32wb0x_hal_rcc_ex.c:450:6:HAL_RCCEx_EnableLSCOinDEEPSTOP	40	static
../Drivers/STM32WB0x_HAL_Driver/Src/stm32wb0x_hal_rcc_ex.c:482:6:HAL_RCCEx_DisableLSCO	8	static
